Component: ARM Compiler 5.06 update 4 (build 422) Tool: armlink [4d35d2]

==============================================================================

Section Cross References

    main.o(i._Z9LED_D2_D3v) refers to stm32f4xx_rcc.o(i.RCC_AHB1PeriphClockCmd) for RCC_AHB1PeriphClockCmd
    main.o(i._Z9LED_D2_D3v) refers to stm32f4xx_gpio.o(i.GPIO_Init) for GPIO_Init
    main.o(i._Z9LED_D2_D3v) refers to stm32f4xx_gpio.o(i.GPIO_SetBits) for GPIO_SetBits
    main.o(i.__sti___6_main_c_2af4bf50) refers to timer.o(i._ZN5TimerC1Ev) for Timer::Timer()
    main.o(i.__sti___6_main_c_2af4bf50) refers to aeabi_atexit.o(.text) for __aeabi_atexit
    main.o(i.__sti___6_main_c_2af4bf50) refers to main.o(.bss) for test1
    main.o(i.__sti___6_main_c_2af4bf50) refers to main.o(i._ZN5TimerD1Ev) for Timer::~Timer()
    main.o(i.main) refers to usart.o(i._Z9uart_initj) for uart_init(unsigned)
    main.o(i.main) refers to delay.o(i._Z10delay_inith) for delay_init(unsigned char)
    main.o(i.main) refers to new.o(i._Znwj) for operator new(unsigned)
    main.o(i.main) refers to i2cdriver.o(i._ZN9I2CDriver10initializeEv) for I2CDriver::initialize()
    main.o(i.main) refers to imu.o(i._Z8IMU_initv) for IMU_init()
    main.o(i.main) refers to delay.o(i._Z8delay_mst) for delay_ms(unsigned short)
    main.o(i.main) refers to main.o(i._Z9LED_D2_D3v) for LED_D2_D3()
    main.o(i.main) refers to segger_rtt_printf.o(i.SEGGER_RTT_printf) for SEGGER_RTT_printf
    main.o(i.main) refers to imu.o(i._Z23MPU6050_InitGyro_Offsetv) for MPU6050_InitGyro_Offset()
    main.o(i.main) refers to imu.o(i._Z19IMU_getYawPitchRollPf) for IMU_getYawPitchRoll(float*)
    main.o(i.main) refers to f2d.o(.text) for __aeabi_f2d
    main.o(i.main) refers to segger_rtt.o(i.printf2) for printf2
    main.o(i.main) refers to timer.o(i._ZN5Timer11isTimeUp_msEj) for Timer::isTimeUp_ms(unsigned)
    main.o(i.main) refers to stm32f4xx_gpio.o(i.GPIO_SetBits) for GPIO_SetBits
    main.o(i.main) refers to stm32f4xx_gpio.o(i.GPIO_ResetBits) for GPIO_ResetBits
    main.o(i.main) refers to main.o(.data__ZN15NormalSingletonI9I2CDriverE3insE) for NormalSingleton<I2CDriver>::ins
    main.o(i.main) refers to main.o(.bss) for test1
    main.o(.ARM.exidx) refers to main.o(i._Z9LED_D2_D3v) for i._Z9LED_D2_D3v
    main.o(.ARM.exidx) refers to main.o(i.main) for i.main
    main.o(.ARM.exidx) refers to main.o(i.__sti___6_main_c_2af4bf50) for i.__sti___6_main_c_2af4bf50
    main.o(.init_array) refers to main.o(i.__sti___6_main_c_2af4bf50) for __sti___6_main_c_2af4bf50
    main.o(.init_array) refers to cpp_init.o(.text) for __cpp_initialize__aeabi_
    stm32f4xx_it.o(.ARM.exidx) refers to stm32f4xx_it.o(i.NMI_Handler) for i.NMI_Handler
    stm32f4xx_it.o(.ARM.exidx) refers to stm32f4xx_it.o(i.HardFault_Handler) for i.HardFault_Handler
    stm32f4xx_it.o(.ARM.exidx) refers to stm32f4xx_it.o(i.MemManage_Handler) for i.MemManage_Handler
    stm32f4xx_it.o(.ARM.exidx) refers to stm32f4xx_it.o(i.BusFault_Handler) for i.BusFault_Handler
    stm32f4xx_it.o(.ARM.exidx) refers to stm32f4xx_it.o(i.UsageFault_Handler) for i.UsageFault_Handler
    stm32f4xx_it.o(.ARM.exidx) refers to stm32f4xx_it.o(i.SVC_Handler) for i.SVC_Handler
    stm32f4xx_it.o(.ARM.exidx) refers to stm32f4xx_it.o(i.DebugMon_Handler) for i.DebugMon_Handler
    stm32f4xx_it.o(.ARM.exidx) refers to stm32f4xx_it.o(i.PendSV_Handler) for i.PendSV_Handler
    stm32f4xx_it.o(.ARM.exidx) refers to stm32f4xx_it.o(i.SysTick_Handler) for i.SysTick_Handler
    system_stm32f4xx.o(i.SystemCoreClockUpdate) refers to system_stm32f4xx.o(.data) for SystemCoreClock
    system_stm32f4xx.o(i.SystemInit) refers to system_stm32f4xx.o(i._Z11SetSysClockv) for SetSysClock()
    system_stm32f4xx.o(.ARM.exidx) refers to system_stm32f4xx.o(i._Z11SetSysClockv) for i._Z11SetSysClockv
    system_stm32f4xx.o(.ARM.exidx) refers to system_stm32f4xx.o(i.SystemInit) for i.SystemInit
    system_stm32f4xx.o(.ARM.exidx) refers to system_stm32f4xx.o(i.SystemCoreClockUpdate) for i.SystemCoreClockUpdate
    startup_stm32f40_41xxx.o(RESET) refers to startup_stm32f40_41xxx.o(STACK) for __initial_sp
    startup_stm32f40_41xxx.o(RESET) refers to startup_stm32f40_41xxx.o(.text) for Reset_Handler
    startup_stm32f40_41xxx.o(RESET) refers to stm32f4xx_it.o(i.NMI_Handler) for NMI_Handler
    startup_stm32f40_41xxx.o(RESET) refers to stm32f4xx_it.o(i.HardFault_Handler) for HardFault_Handler
    startup_stm32f40_41xxx.o(RESET) refers to stm32f4xx_it.o(i.MemManage_Handler) for MemManage_Handler
    startup_stm32f40_41xxx.o(RESET) refers to stm32f4xx_it.o(i.BusFault_Handler) for BusFault_Handler
    startup_stm32f40_41xxx.o(RESET) refers to stm32f4xx_it.o(i.UsageFault_Handler) for UsageFault_Handler
    startup_stm32f40_41xxx.o(RESET) refers to stm32f4xx_it.o(i.SVC_Handler) for SVC_Handler
    startup_stm32f40_41xxx.o(RESET) refers to stm32f4xx_it.o(i.DebugMon_Handler) for DebugMon_Handler
[...]
    ..\Timer\Timer.cpp                       0x00000000   Number         0  timer.o ABSOLUTE
    ..\\DMP\\inv_mpu.c                       0x00000000   Number         0  inv_mpu.o ABSOLUTE
    ..\\DMP\\inv_mpu_dmp_motion_driver.c     0x00000000   Number         0  inv_mpu_dmp_motion_driver.o ABSOLUTE
    ..\\FWLIB\\src\\misc.c                   0x00000000   Number         0  misc.o ABSOLUTE
    ..\\FWLIB\\src\\stm32f4xx_adc.c          0x00000000   Number         0  stm32f4xx_adc.o ABSOLUTE
    ..\\FWLIB\\src\\stm32f4xx_can.c          0x00000000   Number         0  stm32f4xx_can.o ABSOLUTE
    ..\\FWLIB\\src\\stm32f4xx_crc.c          0x00000000   Number         0  stm32f4xx_crc.o ABSOLUTE
    ..\\FWLIB\\src\\stm32f4xx_cryp.c         0x00000000   Number         0  stm32f4xx_cryp.o ABSOLUTE
    ..\\FWLIB\\src\\stm32f4xx_cryp_aes.c     0x00000000   Number         0  stm32f4xx_cryp_aes.o ABSOLUTE
    ..\\FWLIB\\src\\stm32f4xx_cryp_des.c     0x00000000   Number         0  stm32f4xx_cryp_des.o ABSOLUTE
    ..\\FWLIB\\src\\stm32f4xx_cryp_tdes.c    0x00000000   Number         0  stm32f4xx_cryp_tdes.o ABSOLUTE
    ..\\FWLIB\\src\\stm32f4xx_dac.c          0x00000000   Number         0  stm32f4xx_dac.o ABSOLUTE
    ..\\FWLIB\\src\\stm32f4xx_dbgmcu.c       0x00000000   Number         0  stm32f4xx_dbgmcu.o ABSOLUTE
    ..\\FWLIB\\src\\stm32f4xx_dcmi.c         0x00000000   Number         0  stm32f4xx_dcmi.o ABSOLUTE
    ..\\FWLIB\\src\\stm32f4xx_dma.c          0x00000000   Number         0  stm32f4xx_dma.o ABSOLUTE
    ..\\FWLIB\\src\\stm32f4xx_dma2d.c        0x00000000   Number         0  stm32f4xx_dma2d.o ABSOLUTE
    ..\\FWLIB\\src\\stm32f4xx_exti.c         0x00000000   Number         0  stm32f4xx_exti.o ABSOLUTE
    ..\\FWLIB\\src\\stm32f4xx_flash.c        0x00000000   Number         0  stm32f4xx_flash.o ABSOLUTE
    ..\\FWLIB\\src\\stm32f4xx_flash_ramfunc.c 0x00000000   Number         0  stm32f4xx_flash_ramfunc.o ABSOLUTE
    ..\\FWLIB\\src\\stm32f4xx_fsmc.c         0x00000000   Number         0  stm32f4xx_fsmc.o ABSOLUTE
    ..\\FWLIB\\src\\stm32f4xx_gpio.c         0x00000000   Number         0  stm32f4xx_gpio.o ABSOLUTE
    ..\\FWLIB\\src\\stm32f4xx_hash.c         0x00000000   Number         0  stm32f4xx_hash.o ABSOLUTE
    ..\\FWLIB\\src\\stm32f4xx_hash_md5.c     0x00000000   Number         0  stm32f4xx_hash_md5.o ABSOLUTE
    ..\\FWLIB\\src\\stm32f4xx_hash_sha1.c    0x00000000   Number         0  stm32f4xx_hash_sha1.o ABSOLUTE
    ..\\FWLIB\\src\\stm32f4xx_i2c.c          0x00000000   Number         0  stm32f4xx_i2c.o ABSOLUTE
    ..\\FWLIB\\src\\stm32f4xx_iwdg.c         0x00000000   Number         0  stm32f4xx_iwdg.o ABSOLUTE
    ..\\FWLIB\\src\\stm32f4xx_ltdc.c         0x00000000   Number         0  stm32f4xx_ltdc.o ABSOLUTE
    ..\\FWLIB\\src\\stm32f4xx_pwr.c          0x00000000   Number         0  stm32f4xx_pwr.o ABSOLUTE
    ..\\FWLIB\\src\\stm32f4xx_rcc.c          0x00000000   Number         0  stm32f4xx_rcc.o ABSOLUTE
    ..\\FWLIB\\src\\stm32f4xx_rng.c          0x00000000   Number         0  stm32f4xx_rng.o ABSOLUTE
    ..\\FWLIB\\src\\stm32f4xx_rtc.c          0x00000000   Number         0  stm32f4xx_rtc.o ABSOLUTE
    ..\\FWLIB\\src\\stm32f4xx_sai.c          0x00000000   Number         0  stm32f4xx_sai.o ABSOLUTE
    ..\\FWLIB\\src\\stm32f4xx_sdio.c         0x00000000   Number         0  stm32f4xx_sdio.o ABSOLUTE
    ..\\FWLIB\\src\\stm32f4xx_spi.c          0x00000000   Number         0  stm32f4xx_spi.o ABSOLUTE
    ..\\FWLIB\\src\\stm32f4xx_syscfg.c       0x00000000   Number         0  stm32f4xx_syscfg.o ABSOLUTE
    ..\\FWLIB\\src\\stm32f4xx_tim.c          0x00000000   Number         0  stm32f4xx_tim.o ABSOLUTE
    ..\\FWLIB\\src\\stm32f4xx_usart.c        0x00000000   Number         0  stm32f4xx_usart.o ABSOLUTE
    ..\\FWLIB\\src\\stm32f4xx_wwdg.c         0x00000000   Number         0  stm32f4xx_wwdg.o ABSOLUTE
    ..\\I2CDriver\\I2CDriver.cpp             0x00000000   Number         0  i2cdriver.o ABSOLUTE
    ..\\IMU\\IMU.c                           0x00000000   Number         0  imu.o ABSOLUTE
    ..\\SYSTEM\\delay\\delay.c               0x00000000   Number         0  delay.o ABSOLUTE
    ..\\SYSTEM\\sys\\sys.c                   0x00000000   Number         0  sys.o ABSOLUTE
    ..\\SYSTEM\\usart\\usart.c               0x00000000   Number         0  usart.o ABSOLUTE
    ..\\Timer\\Timer.cpp                     0x00000000   Number         0  timer.o ABSOLUTE
    cdcmple.s                                0x00000000   Number         0  cdcmple.o ABSOLUTE
    cdrcmple.s                               0x00000000   Number         0  cdrcmple.o ABSOLUTE
    dc.s                                     0x00000000   Number         0  dc.o ABSOLUTE
    handlers.s                               0x00000000   Number         0  handlers.o ABSOLUTE
    init.s                                   0x00000000   Number         0  init.o ABSOLUTE
    main.c                                   0x00000000   Number         0  main.o ABSOLUTE
    main.c                                   0x00000000   Number         0  main.o ABSOLUTE
    stm32f4xx_it.c                           0x00000000   Number         0  stm32f4xx_it.o ABSOLUTE
    stm32f4xx_it.c                           0x00000000   Number         0  stm32f4xx_it.o ABSOLUTE
    system_stm32f4xx.c                       0x00000000   Number         0  system_stm32f4xx.o ABSOLUTE
    system_stm32f4xx.c                       0x00000000   Number         0  system_stm32f4xx.o ABSOLUTE
    RESET                                    0x08000000   Section      392  startup_stm32f40_41xxx.o(RESET)
    .ARM.Collect$$$$00000000                 0x08000188   Section        0  entry.o(.ARM.Collect$$$$00000000)
    .ARM.Collect$$$$00000001                 0x08000188   Section        4  entry2.o(.ARM.Collect$$$$00000001)
    .ARM.Collect$$$$00000004                 0x0800018c   Section        4  entry5.o(.ARM.Collect$$$$00000004)
    .ARM.Collect$$$$00000008                 0x08000190   Section        0  entry7b.o(.ARM.Collect$$$$00000008)
    .ARM.Collect$$$$00000009                 0x08000190   Section        4  entry8a.o(.ARM.Collect$$$$00000009)
    .ARM.Collect$$$$0000000A                 0x08000194   Section        0  entry8b.o(.ARM.Collect$$$$0000000A)
    .ARM.Collect$$$$0000000B                 0x08000194   Section        8  entry9a.o(.ARM.Collect$$$$0000000B)
    .ARM.Collect$$$$0000000D                 0x0800019c   Section        0  entry10a.o(.ARM.Collect$$$$0000000D)
    .ARM.Collect$$$$0000000E                 0x0800019c   Section        4  entry10b.o(.ARM.Collect$$$$0000000E)
    .ARM.Collect$$$$0000000F                 0x080001a0   Section        0  entry11a.o(.ARM.Collect$$$$0000000F)
    .ARM.Collect$$$$00002712                 0x080001a0   Section        4  entry2.o(.ARM.Collect$$$$00002712)
    __lit__00000000                          0x080001a0   Data           4  entry2.o(.ARM.Collect$$$$00002712)
    .text                                    0x080001a4   Section       36  startup_stm32f40_41xxx.o(.text)
    $v0                                      0x080001a4   Number         0  startup_stm32f40_41xxx.o(.text)
    .text                                    0x080001c8   Section        0  memcpya.o(.text)
    .text                                    0x080001ec   Section        0  strcpy.o(.text)
    .text                                    0x08000200   Section        0  cpp_init.o(.text)
    .text                                    0x08000220   Section        0  aeabi_atexit.o(.text)
    .text                                    0x0800024e   Section        0  dadd.o(.text)
    .text                                    0x0800039c   Section        0  dmul.o(.text)
    .text                                    0x08000480   Section        0  ddiv.o(.text)
    .text                                    0x0800055e   Section        0  f2d.o(.text)
    .text                                    0x08000584   Section       48  cdcmple.o(.text)
    .text                                    0x080005b4   Section       48  cdrcmple.o(.text)
    .text                                    0x080005e4   Section        0  d2f.o(.text)
    .text                                    0x0800061c   Section        0  arm_newhandler_noexceptions.o(.text)
    .text                                    0x08000620   Section        0  uidiv.o(.text)
    .text                                    0x0800064c   Section        0  uldiv.o(.text)
    .text                                    0x080006ae   Section        0  llshl.o(.text)
    .text                                    0x080006cc   Section        0  llsshr.o(.text)
    .text                                    0x080006f0   Section        0  cpp_dtor.o(.text)
    .text                                    0x080006f0   Section        0  iusefp.o(.text)
    .text                                    0x080006f8   Section        0  cpp_memory.o(.text)
    .text                                    0x0800070c   Section        0  cxa_finalize.o(.text)
    .text                                    0x0800074e   Section        0  fepilogue.o(.text)
    .text                                    0x080007bc   Section        0  depilogue.o(.text)
    .text                                    0x08000876   Section        0  dfixul.o(.text)
    .text                                    0x080008a6   Section        0  arm_exceptions_terminate.o(.text)
    .text                                    0x080008c0   Section       36  init.o(.text)
    .text                                    0x080008e4   Section        0  llushr.o(.text)
    .text                                    0x08000904   Section        0  cpp_final.o(.text)
    .text                                    0x08000908   Section        0  arm_exceptions_globs.o(.text)
    [local to arm_exceptions_c]::__default_terminate_handler() 0x08000909   Thumb Code     6  arm_exceptions_globs.o(.text)
    .text                                    0x08000958   Section        0  arm_exceptions_mem.o(.text)
    i.BusFault_Handler                       0x08000994   Section        0  stm32f4xx_it.o(i.BusFault_Handler)
    i.DebugMon_Handler                       0x08000998   Section        0  stm32f4xx_it.o(i.DebugMon_Handler)
    i.GPIO_Init                              0x0800099a   Section        0  stm32f4xx_gpio.o(i.GPIO_Init)
    i.GPIO_PinAFConfig                       0x08000a2a   Section        0  stm32f4xx_gpio.o(i.GPIO_PinAFConfig)
    i.GPIO_ResetBits                         0x08000a70   Section        0  stm32f4xx_gpio.o(i.GPIO_ResetBits)
    i.GPIO_SetBits                           0x08000a74   Section        0  stm32f4xx_gpio.o(i.GPIO_SetBits)
    i.HardFault_Handler                      0x08000a78   Section        0  stm32f4xx_it.o(i.HardFault_Handler)
    i.I2C_AcknowledgeConfig                  0x08000a7c   Section        0  stm32f4xx_i2c.o(i.I2C_AcknowledgeConfig)
    i.I2C_CheckEvent                         0x08000a94   Section        0  stm32f4xx_i2c.o(i.I2C_CheckEvent)
    i.I2C_Cmd                                0x08000abe   Section        0  stm32f4xx_i2c.o(i.I2C_Cmd)
    i.I2C_GenerateSTART                      0x08000ad6   Section        0  stm32f4xx_i2c.o(i.I2C_GenerateSTART)
    i.I2C_GenerateSTOP                       0x08000aee   Section        0  stm32f4xx_i2c.o(i.I2C_GenerateSTOP)
    i.I2C_GetFlagStatus                      0x08000b06   Section        0  stm32f4xx_i2c.o(i.I2C_GetFlagStatus)
    i.I2C_Init                               0x08000b40   Section        0  stm32f4xx_i2c.o(i.I2C_Init)
    i.I2C_ReadRegister                       0x08000c28   Section        0  stm32f4xx_i2c.o(i.I2C_ReadRegister)
    i.I2C_ReceiveData                        0x08000c3e   Section        0  stm32f4xx_i2c.o(i.I2C_ReceiveData)
    i.I2C_Send7bitAddress                    0x08000c46   Section        0  stm32f4xx_i2c.o(i.I2C_Send7bitAddress)
    i.I2C_SendData                           0x08000c56   Section        0  stm32f4xx_i2c.o(i.I2C_SendData)
    i.MemManage_Handler                      0x08000c5a   Section        0  stm32f4xx_it.o(i.MemManage_Handler)
    i.NMI_Handler                            0x08000c5e   Section        0  stm32f4xx_it.o(i.NMI_Handler)
    i.NVIC_Init                              0x08000c60   Section        0  misc.o(i.NVIC_Init)
    i.NVIC_PriorityGroupConfig               0x08000cd8   Section        0  misc.o(i.NVIC_PriorityGroupConfig)
    i.PendSV_Handler                         0x08000cec   Section        0  stm32f4xx_it.o(i.PendSV_Handler)
    i.RCC_AHB1PeriphClockCmd                 0x08000cf0   Section        0  stm32f4xx_rcc.o(i.RCC_AHB1PeriphClockCmd)
    i.RCC_APB1PeriphClockCmd                 0x08000d10   Section        0  stm32f4xx_rcc.o(i.RCC_APB1PeriphClockCmd)
    i.RCC_APB2PeriphClockCmd                 0x08000d30   Section        0  stm32f4xx_rcc.o(i.RCC_APB2PeriphClockCmd)
    i.RCC_GetClocksFreq                      0x08000d50   Section        0  stm32f4xx_rcc.o(i.RCC_GetClocksFreq)
    i.SEGGER_RTT_Write                       0x08000e38   Section        0  segger_rtt.o(i.SEGGER_RTT_Write)
    i.SEGGER_RTT_WriteNoLock                 0x08000e80   Section        0  segger_rtt.o(i.SEGGER_RTT_WriteNoLock)
    i.SEGGER_RTT_printf                      0x08000f04   Section        0  segger_rtt_printf.o(i.SEGGER_RTT_printf)
    i.SVC_Handler                            0x08000f26   Section        0  stm32f4xx_it.o(i.SVC_Handler)
    i.SysTick_CLKSourceConfig                0x08000f28   Section        0  misc.o(i.SysTick_CLKSourceConfig)
    i.SysTick_Handler                        0x08000f50   Section        0  stm32f4xx_it.o(i.SysTick_Handler)
    i.SystemInit                             0x08000f54   Section        0  system_stm32f4xx.o(i.SystemInit)
    i.TIM6_DAC_IRQHandler                    0x08000fbc   Section        0  timer.o(i.TIM6_DAC_IRQHandler)
    i.TIM_ARRPreloadConfig                   0x08000ff0   Section        0  stm32f4xx_tim.o(i.TIM_ARRPreloadConfig)
    i.TIM_ClearFlag                          0x08001008   Section        0  stm32f4xx_tim.o(i.TIM_ClearFlag)
    i.TIM_ClearITPendingBit                  0x0800100e   Section        0  stm32f4xx_tim.o(i.TIM_ClearITPendingBit)
    i.TIM_Cmd                                0x08001014   Section        0  stm32f4xx_tim.o(i.TIM_Cmd)
    i.TIM_GetITStatus                        0x0800102c   Section        0  stm32f4xx_tim.o(i.TIM_GetITStatus)
    i.TIM_ITConfig                           0x0800104e   Section        0  stm32f4xx_tim.o(i.TIM_ITConfig)
    i.TIM_PrescalerConfig                    0x08001060   Section        0  stm32f4xx_tim.o(i.TIM_PrescalerConfig)
    i.TIM_SelectInputTrigger                 0x08001066   Section        0  stm32f4xx_tim.o(i.TIM_SelectInputTrigger)
    i.TIM_SelectMasterSlaveMode              0x08001078   Section        0  stm32f4xx_tim.o(i.TIM_SelectMasterSlaveMode)
    i.TIM_SelectOutputTrigger                0x0800108a   Section        0  stm32f4xx_tim.o(i.TIM_SelectOutputTrigger)
    i.TIM_SelectSlaveMode                    0x0800109c   Section        0  stm32f4xx_tim.o(i.TIM_SelectSlaveMode)
    i.TIM_TimeBaseInit                       0x080010b0   Section        0  stm32f4xx_tim.o(i.TIM_TimeBaseInit)
    i.TIM_TimeBaseStructInit                 0x08001134   Section        0  stm32f4xx_tim.o(i.TIM_TimeBaseStructInit)
    i.TIM_UpdateDisableConfig                0x08001146   Section        0  stm32f4xx_tim.o(i.TIM_UpdateDisableConfig)
    i.TIM_UpdateRequestConfig                0x0800115e   Section        0  stm32f4xx_tim.o(i.TIM_UpdateRequestConfig)
    i.USART_ClearFlag                        0x08001176   Section        0  stm32f4xx_usart.o(i.USART_ClearFlag)
    i.USART_Cmd                              0x08001188   Section        0  stm32f4xx_usart.o(i.USART_Cmd)
    i.USART_ITConfig                         0x080011a0   Section        0  stm32f4xx_usart.o(i.USART_ITConfig)
    i.USART_Init                             0x080011ec   Section        0  stm32f4xx_usart.o(i.USART_Init)
    i.UsageFault_Handler                     0x080012c0   Section        0  stm32f4xx_it.o(i.UsageFault_Handler)
    i._Z10_StoreCharP22SEGGER_RTT_PRINTF_DESCc 0x080012c4   Section        0  segger_rtt_printf.o(i._Z10_StoreCharP22SEGGER_RTT_PRINTF_DESCc)
    _StoreChar(SEGGER_RTT_PRINTF_DESC*, char) 0x080012c5   Thumb Code    68  segger_rtt_printf.o(i._Z10_StoreCharP22SEGGER_RTT_PRINTF_DESCc)
    i._Z10delay_inith                        0x08001308   Section        0  delay.o(i._Z10delay_inith)
    i._Z11InitMPU6050v                       0x08001344   Section        0  imu.o(i._Z11InitMPU6050v)
    i._Z11SetSysClockv                       0x080013b4   Section        0  system_stm32f4xx.o(i._Z11SetSysClockv)
    SetSysClock()                            0x080013b5   Thumb Code   220  system_stm32f4xx.o(i._Z11SetSysClockv)
    i._Z11vector3_dot7Vector3S_              0x080014a0   Section        0  imu.o(i._Z11vector3_dot7Vector3S_)
    i._Z12filterUpdateP10Quaternionffffffff  0x080014cc   Section        0  imu.o(i._Z12filterUpdateP10Quaternionffffffff)
    i._Z12getAxisAnglei10Quaternion          0x080018e8   Section        0  imu.o(i._Z12getAxisAnglei10Quaternion)
    i._Z12setAxisAngle7Vector3fP10Quaternion 0x08001968   Section        0  imu.o(i._Z12setAxisAngle7Vector3fP10Quaternion)
    i._Z12toEulerAngle10QuaternionPfS0_S0_   0x080019f0   Section        0  imu.o(i._Z12toEulerAngle10QuaternionPfS0_S0_)
    i._Z12vector3_normP7Vector3              0x08001c10   Section        0  imu.o(i._Z12vector3_normP7Vector3)
    i._Z13IMU_getValuesPf                    0x08001c64   Section        0  imu.o(i._Z13IMU_getValuesPf)
    i._Z13_WriteNoCheckP20SEGGER_RTT_BUFFER_UPPKcj 0x08001cf8   Section        0  segger_rtt.o(i._Z13_WriteNoCheckP20SEGGER_RTT_BUFFER_UPPKcj)
    _WriteNoCheck(SEGGER_RTT_BUFFER_UP*, const char*, unsigned) 0x08001cf9   Thumb Code    76  segger_rtt.o(i._Z13_WriteNoCheckP20SEGGER_RTT_BUFFER_UPPKcj)
    i._Z13correct_driftv                     0x08001d44   Section        0  imu.o(i._Z13correct_driftv)
    i._Z13correction_gzffffff                0x08001ffc   Section        0  imu.o(i._Z13correction_gzffffff)
    i._Z13getMaxMinDiffPft                   0x08002168   Section        0  imu.o(i._Z13getMaxMinDiffPft)
    i._Z13quaternionDot10QuaternionS_        0x080021cc   Section        0  imu.o(i._Z13quaternionDot10QuaternionS_)
    i._Z13vector3_cross7Vector3S_PS_         0x08002204   Section        0  imu.o(i._Z13vector3_cross7Vector3S_PS_)
    i._Z14Initial_Timer3v                    0x08002264   Section        0  imu.o(i._Z14Initial_Timer3v)
    i._Z14_PrintUnsignedP22SEGGER_RTT_PRINTF_DESCjjjjj 0x08002324   Section        0  segger_rtt_printf.o(i._Z14_PrintUnsignedP22SEGGER_RTT_PRINTF_DESCjjjjj)
    _PrintUnsigned(SEGGER_RTT_PRINTF_DESC*, unsigned, unsigned, unsigned, unsigned, unsigned) 0x08002325   Thumb Code   230  segger_rtt_printf.o(i._Z14_PrintUnsignedP22SEGGER_RTT_PRINTF_DESCjjjjj)
    i._Z14_WriteBlockingP20SEGGER_RTT_BUFFER_UPPKcj 0x08002410   Section        0  segger_rtt.o(i._Z14_WriteBlockingP20SEGGER_RTT_BUFFER_UPPKcj)
    _WriteBlocking(SEGGER_RTT_BUFFER_UP*, const char*, unsigned) 0x08002411   Thumb Code   114  segger_rtt.o(i._Z14_WriteBlockingP20SEGGER_RTT_BUFFER_UPPKcj)
    i._Z14vector3_length7Vector3             0x08002482   Section        0  imu.o(i._Z14vector3_length7Vector3)
    i._Z15quaternionMulti10QuaternionS_PS_   0x080024b6   Section        0  imu.o(i._Z15quaternionMulti10QuaternionS_PS_)
    i._Z15quaternion_normP10Quaternion       0x08002590   Section        0  imu.o(i._Z15quaternion_normP10Quaternion)
    i._Z17getRotationMatrixPf10Quaternion    0x080025f8   Section        0  imu.o(i._Z17getRotationMatrixPf10Quaternion)
    i._Z17quaternionInverse10QuaternionPS_   0x08002750   Section        0  imu.o(i._Z17quaternionInverse10QuaternionPS_)
    i._Z18SEGGER_RTT_vprintfjPKcPSt9__va_list 0x08002786   Section        0  segger_rtt_printf.o(i._Z18SEGGER_RTT_vprintfjPKcPSt9__va_list)
    i._Z19IMU_getYawPitchRollPf              0x08002990   Section        0  imu.o(i._Z19IMU_getYawPitchRollPf)
    i._Z19_GetAvailWriteSpaceP20SEGGER_RTT_BUFFER_UP 0x08002ac0   Section        0  segger_rtt.o(i._Z19_GetAvailWriteSpaceP20SEGGER_RTT_BUFFER_UP)
    _GetAvailWriteSpace(SEGGER_RTT_BUFFER_UP*) 0x08002ac1   Thumb Code    28  segger_rtt.o(i._Z19_GetAvailWriteSpaceP20SEGGER_RTT_BUFFER_UP)
    i._Z19quaternion_rotation7Vector310QuaternionPS_ 0x08002adc   Section        0  imu.o(i._Z19quaternion_rotation7Vector310QuaternionPS_)
    i._Z20quaternionFromRotate7Vector3S_P10Quaternion 0x08002b88   Section        0  imu.o(i._Z20quaternionFromRotate7Vector3S_P10Quaternion)
    i._Z23MPU6050_InitGyro_Offsetv           0x08002d28   Section        0  imu.o(i._Z23MPU6050_InitGyro_Offsetv)
    i._Z6microsv                             0x08002f18   Section        0  imu.o(i._Z6microsv)
    i._Z7GetDatah                            0x08002f30   Section        0  imu.o(i._Z7GetDatah)
    i._Z7_DoInitv                            0x08002f60   Section        0  segger_rtt.o(i._Z7_DoInitv)
    _DoInit()                                0x08002f61   Thumb Code    74  segger_rtt.o(i._Z7_DoInitv)
    i._Z7invSqrtf                            0x08002fd0   Section        0  imu.o(i._Z7invSqrtf)
    i._Z8IMU_getQP10Quaternion               0x0800300c   Section        0  imu.o(i._Z8IMU_getQP10Quaternion)
    i._Z8IMU_initv                           0x0800311c   Section        0  imu.o(i._Z8IMU_initv)
    i._Z8delay_mst                           0x08003180   Section        0  delay.o(i._Z8delay_mst)
    i._Z8delay_usj                           0x080031b8   Section        0  delay.o(i._Z8delay_usj)
    i._Z9LED_D2_D3v                          0x08003204   Section        0  main.o(i._Z9LED_D2_D3v)
    i._Z9_PrintIntP22SEGGER_RTT_PRINTF_DESCijjjj 0x08003240   Section        0  segger_rtt_printf.o(i._Z9_PrintIntP22SEGGER_RTT_PRINTF_DESCijjjj)
    _PrintInt(SEGGER_RTT_PRINTF_DESC*, int, unsigned, unsigned, unsigned, unsigned) 0x08003241   Thumb Code   236  segger_rtt_printf.o(i._Z9_PrintIntP22SEGGER_RTT_PRINTF_DESCijjjj)
    i._Z9delay_xmst                          0x0800332c   Section        0  delay.o(i._Z9delay_xmst)
    i._Z9uart_initj                          0x08003378   Section        0  usart.o(i._Z9uart_initj)
    i._ZN12CTimer_Lower13getNowTime_msEv     0x0800342c   Section        0  timer.o(i._ZN12CTimer_Lower13getNowTime_msEv)
    i._ZN12CTimer_LowerC1Ev                  0x08003434   Section        0  timer.o(i._ZN12CTimer_LowerC1Ev)
    i._ZN5Timer11isTimeUp_msEj               0x080034a4   Section        0  timer.o(i._ZN5Timer11isTimeUp_msEj)
    i._ZN5TimerC1Ev                          0x080034da   Section        0  timer.o(i._ZN5TimerC1Ev)
    i._ZN5TimerD1Ev                          0x080034e2   Section        0  main.o(i._ZN5TimerD1Ev)
    i._ZN9I2CDriver10initializeEv            0x080034e4   Section        0  i2cdriver.o(i._ZN9I2CDriver10initializeEv)
    i._ZN9I2CDriver11writeArraryEhPKht       0x08003594   Section        0  i2cdriver.o(i._ZN9I2CDriver11writeArraryEhPKht)
    i._ZN9I2CDriver12I2C_ByteReadEh          0x0800366c   Section        0  i2cdriver.o(i._ZN9I2CDriver12I2C_ByteReadEh)
    i._ZN9I2CDriver13I2C_ByteWriteEhh        0x08003688   Section        0  i2cdriver.o(i._ZN9I2CDriver13I2C_ByteWriteEhh)
    i._ZN9I2CDriver13WAIT_FOR_FLAGEj10FlagStatusii 0x080036a8   Section        0  i2cdriver.o(i._ZN9I2CDriver13WAIT_FOR_FLAGEj10FlagStatusii)
    i._ZN9I2CDriver14WAIT_FOR_EVENTEjii      0x080036f0   Section        0  i2cdriver.o(i._ZN9I2CDriver14WAIT_FOR_EVENTEjii)
    i._ZN9I2CDriver25I2Cx_TIMEOUT_UserCallbackEc 0x08003734   Section        0  i2cdriver.o(i._ZN9I2CDriver25I2Cx_TIMEOUT_UserCallbackEc)
    i._ZN9I2CDriver8readByteEhhPht           0x08003760   Section        0  i2cdriver.o(i._ZN9I2CDriver8readByteEhhPht)
    i._ZSt4fabsf                             0x08003868   Section        0  imu.o(i._ZSt4fabsf)
    i._ZSt4sqrtf                             0x08003872   Section        0  imu.o(i._ZSt4sqrtf)
    i._ZSt5atan2ff                           0x0800388a   Section        0  imu.o(i._ZSt5atan2ff)
    i._Znwj                                  0x080038ac   Section        0  new.o(i._Znwj)
    i.__0vsnprintf                           0x080038d4   Section        0  printfa.o(i.__0vsnprintf)
    i.__ARM_fpclassifyf                      0x08003900   Section        0  fpclassifyf.o(i.__ARM_fpclassifyf)
    i.__hardfp_asinf                         0x08003928   Section        0  asinf.o(i.__hardfp_asinf)
    i.__hardfp_atan2f                        0x08003a54   Section        0  atan2f.o(i.__hardfp_atan2f)
    i.__hardfp_cosf                          0x08003ca4   Section        0  cosf.o(i.__hardfp_cosf)
    i.__hardfp_sinf                          0x08003df4   Section        0  sinf.o(i.__hardfp_sinf)
    i.__hardfp_sqrtf                         0x08003f84   Section        0  sqrtf.o(i.__hardfp_sqrtf)
    i.__mathlib_flt_infnan                   0x08003fbe   Section        0  funder.o(i.__mathlib_flt_infnan)
    i.__mathlib_flt_infnan2                  0x08003fc4   Section        0  funder.o(i.__mathlib_flt_infnan2)
    i.__mathlib_flt_invalid                  0x08003fcc   Section        0  funder.o(i.__mathlib_flt_invalid)
    i.__mathlib_flt_underflow                0x08003fdc   Section        0  funder.o(i.__mathlib_flt_underflow)
    i.__mathlib_rredf2                       0x08003fec   Section        0  rredf.o(i.__mathlib_rredf2)
    i.__scatterload_copy                     0x08004140   Section       14  handlers.o(i.__scatterload_copy)
    i.__scatterload_null                     0x0800414e   Section        2  handlers.o(i.__scatterload_null)
    i.__scatterload_zeroinit                 0x08004150   Section       14  handlers.o(i.__scatterload_zeroinit)
    i.__set_errno                            0x08004160   Section        0  errno.o(i.__set_errno)
    i.__sti___6_main_c_2af4bf50              0x0800416c   Section        0  main.o(i.__sti___6_main_c_2af4bf50)
    __sti___6_main_c_2af4bf50                0x0800416d   Thumb Code    36  main.o(i.__sti___6_main_c_2af4bf50)
    i._fp_digits                             0x080041a0   Section        0  printfa.o(i._fp_digits)
    _fp_digits                               0x080041a1   Thumb Code   366  printfa.o(i._fp_digits)
    i._printf_core                           0x08004324   Section        0  printfa.o(i._printf_core)
    _printf_core                             0x08004325   Thumb Code  1744  printfa.o(i._printf_core)
    i._printf_post_padding                   0x08004a00   Section        0  printfa.o(i._printf_post_padding)
    _printf_post_padding                     0x08004a01   Thumb Code    36  printfa.o(i._printf_post_padding)
    i._printf_pre_padding                    0x08004a24   Section        0  printfa.o(i._printf_pre_padding)
    _printf_pre_padding                      0x08004a25   Thumb Code    46  printfa.o(i._printf_pre_padding)
    i._snputc                                0x08004a52   Section        0  printfa.o(i._snputc)
    _snputc                                  0x08004a53   Thumb Code    22  printfa.o(i._snputc)
    i.free                                   0x08004a68   Section        0  malloc.o(i.free)
    i.main                                   0x08004ab8   Section        0  main.o(i.main)
    i.malloc                                 0x08004c34   Section        0  malloc.o(i.malloc)
    i.printf2                                0x08004ca0   Section        0  segger_rtt.o(i.printf2)
    i.sqrtf                                  0x08004cd0   Section        0  sqrtf.o(i.sqrtf)
    t._ZN15NormalSingletonI12CTimer_LowerE8InstanceEv 0x08004d10   Section        0  timer.o(t._ZN15NormalSingletonI12CTimer_LowerE8InstanceEv)
    t._ZN15NormalSingletonI9I2CDriverE8InstanceEv 0x08004d34   Section        0  inv_mpu.o(t._ZN15NormalSingletonI9I2CDriverE8InstanceEv)
    .constdata                               0x08004d84   Section       16  segger_rtt_printf.o(.constdata)
    _aV2C                                    0x08004d84   Data          16  segger_rtt_printf.o(.constdata)
    .constdata                               0x08004d94   Section       52  imu.o(.constdata)
    .constdata                               0x08004dc8   Section       32  rredf.o(.constdata)
    twooverpi                                0x08004dc8   Data          32  rredf.o(.constdata)
    .init_array                              0x08004e08   Section        4  main.o(.init_array)
    .init_array                              0x08004e0c   Section        0  cpp_init.o(.init_array)
    .data                                    0x20000000   Section       16  stm32f4xx_rcc.o(.data)
    APBAHBPrescTable                         0x20000000   Data          16  stm32f4xx_rcc.o(.data)
    .data                                    0x20000010   Section        4  delay.o(.data)
    fac_us                                   0x20000010   Data           1  delay.o(.data)
    fac_ms                                   0x20000012   Data           2  delay.o(.data)
    .data                                    0x20000014   Section       49  imu.o(.data)
    LSB                                      0x20000024   Data           4  imu.o(.data)
    LSB2RAD                                  0x20000028   Data           4  imu.o(.data)
    sum_Gx                                   0x2000002c   Data           4  imu.o(.data)
    sum_Gy                                   0x20000030   Data           4  imu.o(.data)
    sum_Gz                                   0x20000034   Data           4  imu.o(.data)
    sum_Input                                0x20000038   Data           4  imu.o(.data)
    Last_input_gz                            0x2000003c   Data           4  imu.o(.data)
    offset_Cnt                               0x20000040   Data           2  imu.o(.data)
    ram_234                                  0x20000042   Data           2  imu.o(.data)
    isPureRotateFlag                         0x20000044   Data           1  imu.o(.data)
    .data                                    0x20000048   Section        4  errno.o(.data)
    _errno                                   0x20000048   Data           4  errno.o(.data)
    .data                                    0x2000004c   Section        4  cpp_dtor.o(.data)
    ddtor_pointer                            0x2000004c   Data           4  cpp_dtor.o(.data)
    .data                                    0x20000050   Section       12  cpp_memory.o(.data)
    handler_pointer                          0x20000050   Data           4  cpp_memory.o(.data)
    eh                                       0x20000054   Data           4  cpp_memory.o(.data)
    eh_p                                     0x20000058   Data           4  cpp_memory.o(.data)
    .data                                    0x2000005c   Section        4  mvars.o(.data)
    .data                                    0x20000060   Section        4  mvars.o(.data)
    .data__ZN15NormalSingletonI12CTimer_LowerE3insE 0x20000064   Section        4  timer.o(.data__ZN15NormalSingletonI12CTimer_LowerE3insE)
    .data__ZN15NormalSingletonI9I2CDriverE3insE 0x20000068   Section        4  main.o(.data__ZN15NormalSingletonI9I2CDriverE3insE)
    .bss                                     0x2000006c   Section       40  main.o(.bss)
    test1                                    0x2000006c   Data          20  main.o(.bss)
    test2                                    0x20000080   Data          20  main.o(.bss)
    .bss                                     0x20000094   Section     1208  segger_rtt.o(.bss)
    _acUpBuffer                              0x2000013c   Data        1024  segger_rtt.o(.bss)
    _acDownBuffer                            0x2000053c   Data          16  segger_rtt.o(.bss)
    .bss                                     0x2000054c   Section     9632  imu.o(.bss)
    Gx_Buf                                   0x2000056c   Data        1600  imu.o(.bss)
    Gy_Buf                                   0x20000bac   Data        1600  imu.o(.bss)
    Gz_Buf                                   0x200011ec   Data        1600  imu.o(.bss)
    Ax_Buf                                   0x2000182c   Data        1600  imu.o(.bss)
    Ay_Buf                                   0x20001e6c   Data        1600  imu.o(.bss)
    Az_Buf                                   0x200024ac   Data        1600  imu.o(.bss)
    HEAP                                     0x20002af0   Section      512  startup_stm32f40_41xxx.o(HEAP)
    STACK                                    0x20002cf0   Section     1024  startup_stm32f40_41xxx.o(STACK)

    Global Symbols

    Symbol Name                              Value     Ov Type        Size  Object(Section)

    BuildAttributes$$THM_ISAv4$E$P$D$K$B$S$7EM$VFPi3$EXTD16$VFPS$VFMA$PE$A:L22UL41UL21$X:L11$S22US41US21$IEEE1$IW$USESV6$~STKCKD$USESV7$~SHL$OTIME$ROPI$IEEEX$EBA8$UX$MICROLIB$REQ8$PRES8$EABIv2 0x00000000   Number         0  anon$$obj.o ABSOLUTE
    __ARM_use_no_argv                        0x00000000   Number         0  main.o ABSOLUTE
    SHT$$ARM_EXIDX$$Base                      - Undefined Reference
    SHT$$ARM_EXIDX$$Limit                     - Undefined Reference
    __ARM::default_unexpected_handler()       - Undefined Weak Reference
    __ARM_exceptions_buffer_required          - Undefined Weak Reference
    __aeabi_unwind_cpp_pr1                    - Undefined Weak Reference
    __aeabi_unwind_cpp_pr2                    - Undefined Weak Reference
    __cxa_begin_cleanup                       - Undefined Weak Reference
    __cxa_type_match                          - Undefined Weak Reference
    __decompress                              - Undefined Weak Reference
    _clock_init                               - Undefined Weak Reference
    _microlib_exit                            - Undefined Weak Reference
    __Vectors_Size                           0x00000188   Number         0  startup_stm32f40_41xxx.o ABSOLUTE
    __Vectors                                0x08000000   Data           4  startup_stm32f40_41xxx.o(RESET)
    __dso_handle                             0x08000000   Number         0  startup_stm32f40_41xxx.o(RESET)
    __Vectors_End                            0x08000188   Data           0  startup_stm32f40_41xxx.o(RESET)
    __main                                   0x08000189   Thumb Code     0  entry.o(.ARM.Collect$$$$00000000)
    _main_stk                                0x08000189   Thumb Code     0  entry2.o(.ARM.Collect$$$$00000001)
    _main_scatterload                        0x0800018d   Thumb Code     0  entry5.o(.ARM.Collect$$$$00000004)
    __main_after_scatterload                 0x08000191   Thumb Code     0  entry5.o(.ARM.Collect$$$$00000004)
    _main_clock                              0x08000191   Thumb Code     0  entry7b.o(.ARM.Collect$$$$00000008)
    _main_cpp_init$empty                     0x08000191   Thumb Code     0  entry8a.o(.ARM.Collect$$$$00000009)
    _main_cpp_init                           0x08000195   Thumb Code     0  entry8b.o(.ARM.Collect$$$$0000000A)
    _main_init                               0x08000195   Thumb Code     0  entry9a.o(.ARM.Collect$$$$0000000B)
    __rt_final_cpp                           0x0800019d   Thumb Code     0  entry10a.o(.ARM.Collect$$$$0000000D)
    __rt_final_cpp$nonempty                  0x0800019d   Thumb Code     0  entry10b.o(.ARM.Collect$$$$0000000E)
    __rt_final_exit                          0x080001a1   Thumb Code     0  entry11a.o(.ARM.Collect$$$$0000000F)
    Reset_Handler                            0x080001a5   Thumb Code     8  startup_stm32f40_41xxx.o(.text)
    ADC_IRQHandler                           0x080001bf   Thumb Code     0  startup_stm32f40_41xxx.o(.text)
    CAN1_RX0_IRQHandler                      0x080001bf   Thumb Code     0  startup_stm32f40_41xxx.o(.text)
    CAN1_RX1_IRQHandler                      0x080001bf   Thumb Code     0  startup_stm32f40_41xxx.o(.text)
    CAN1_SCE_IRQHandler                      0x080001bf   Thumb Code     0  startup_stm32f40_41xxx.o(.text)
    CAN1_TX_IRQHandler                       0x080001bf   Thumb Code     0  startup_stm32f40_41xxx.o(.text)
    CAN2_RX0_IRQHandler                      0x080001bf   Thumb Code     0  startup_stm32f40_41xxx.o(.text)
    CAN2_RX1_IRQHandler                      0x080001bf   Thumb Code     0  startup_stm32f40_41xxx.o(.text)
    CAN2_SCE_IRQHandler                      0x080001bf   Thumb Code     0  startup_stm32f40_41xxx.o(.text)
    CAN2_TX_IRQHandler                       0x080001bf   Thumb Code     0  startup_stm32f40_41xxx.o(.text)
    CRYP_IRQHandler                          0x080001bf   Thumb Code     0  startup_stm32f40_41xxx.o(.text)
    DCMI_IRQHandler                          0x080001bf   Thumb Code     0  startup_stm32f40_41xxx.o(.text)
    DMA1_Stream0_IRQHandler                  0x080001bf   Thumb Code     0  startup_stm32f40_41xxx.o(.text)
    DMA1_Stream1_IRQHandler                  0x080001bf   Thumb Code     0  startup_stm32f40_41xxx.o(.text)
    DMA1_Stream2_IRQHandler                  0x080001bf   Thumb Code     0  startup_stm32f40_41xxx.o(.text)
    DMA1_Stream3_IRQHandler                  0x080001bf   Thumb Code     0  startup_stm32f40_41xxx.o(.text)
    DMA1_Stream4_IRQHandler                  0x080001bf   Thumb Code     0  startup_stm32f40_41xxx.o(.text)
    DMA1_Stream5_IRQHandler                  0x080001bf   Thumb Code     0  startup_stm32f40_41xxx.o(.text)
    DMA1_Stream6_IRQHandler                  0x080001bf   Thumb Code     0  startup_stm32f40_41xxx.o(.text)
    DMA1_Stream7_IRQHandler                  0x080001bf   Thumb Code     0  startup_stm32f40_41xxx.o(.text)
    DMA2_Stream0_IRQHandler                  0x080001bf   Thumb Code     0  startup_stm32f40_41xxx.o(.text)
    DMA2_Stream1_IRQHandler                  0x080001bf   Thumb Code     0  startup_stm32f40_41xxx.o(.text)
    DMA2_Stream2_IRQHandler                  0x080001bf   Thumb Code     0  startup_stm32f40_41xxx.o(.text)
    DMA2_Stream3_IRQHandler                  0x080001bf   Thumb Code     0  startup_stm32f40_41xxx.o(.text)
    DMA2_Stream4_IRQHandler                  0x080001bf   Thumb Code     0  startup_stm32f40_41xxx.o(.text)
    DMA2_Stream5_IRQHandler                  0x080001bf   Thumb Code     0  startup_stm32f40_41xxx.o(.text)
    DMA2_Stream6_IRQHandler                  0x080001bf   Thumb Code     0  startup_stm32f40_41xxx.o(.text)
    DMA2_Stream7_IRQHandler                  0x080001bf   Thumb Code     0  startup_stm32f40_41xxx.o(.text)
    ETH_IRQHandler                           0x080001bf   Thumb Code     0  startup_stm32f40_41xxx.o(.text)
    ETH_WKUP_IRQHandler                      0x080001bf   Thumb Code     0  startup_stm32f40_41xxx.o(.text)
    EXTI0_IRQHandler                         0x080001bf   Thumb Code     0  startup_stm32f40_41xxx.o(.text)
    EXTI15_10_IRQHandler                     0x080001bf   Thumb Code     0  startup_stm32f40_41xxx.o(.text)
    EXTI1_IRQHandler                         0x080001bf   Thumb Code     0  startup_stm32f40_41xxx.o(.text)
    EXTI2_IRQHandler                         0x080001bf   Thumb Code     0  startup_stm32f40_41xxx.o(.text)
    EXTI3_IRQHandler                         0x080001bf   Thumb Code     0  startup_stm32f40_41xxx.o(.text)
    EXTI4_IRQHandler                         0x080001bf   Thumb Code     0  startup_stm32f40_41xxx.o(.text)
    EXTI9_5_IRQHandler                       0x080001bf   Thumb Code     0  startup_stm32f40_41xxx.o(.text)
    FLASH_IRQHandler                         0x080001bf   Thumb Code     0  startup_stm32f40_41xxx.o(.text)
    FPU_IRQHandler                           0x080001bf   Thumb Code     0  startup_stm32f40_41xxx.o(.text)
    FSMC_IRQHandler                          0x080001bf   Thumb Code     0  startup_stm32f40_41xxx.o(.text)
    HASH_RNG_IRQHandler                      0x080001bf   Thumb Code     0  startup_stm32f40_41xxx.o(.text)
    I2C1_ER_IRQHandler                       0x080001bf   Thumb Code     0  startup_stm32f40_41xxx.o(.text)
    I2C1_EV_IRQHandler                       0x080001bf   Thumb Code     0  startup_stm32f40_41xxx.o(.text)
    I2C2_ER_IRQHandler                       0x080001bf   Thumb Code     0  startup_stm32f40_41xxx.o(.text)
    I2C2_EV_IRQHandler                       0x080001bf   Thumb Code     0  startup_stm32f40_41xxx.o(.text)
    I2C3_ER_IRQHandler                       0x080001bf   Thumb Code     0  startup_stm32f40_41xxx.o(.text)
    I2C3_EV_IRQHandler                       0x080001bf   Thumb Code     0  startup_stm32f40_41xxx.o(.text)
    OTG_FS_IRQHandler                        0x080001bf   Thumb Code     0  startup_stm32f40_41xxx.o(.text)
    OTG_FS_WKUP_IRQHandler                   0x080001bf   Thumb Code     0  startup_stm32f40_41xxx.o(.text)
    OTG_HS_EP1_IN_IRQHandler                 0x080001bf   Thumb Code     0  startup_stm32f40_41xxx.o(.text)
    OTG_HS_EP1_OUT_IRQHandler                0x080001bf   Thumb Code     0  startup_stm32f40_41xxx.o(.text)
    OTG_HS_IRQHandler                        0x080001bf   Thumb Code     0  startup_stm32f40_41xxx.o(.text)
    OTG_HS_WKUP_IRQHandler                   0x080001bf   Thumb Code     0  startup_stm32f40_41xxx.o(.text)
    PVD_IRQHandler                           0x080001bf   Thumb Code     0  startup_stm32f40_41xxx.o(.text)
    RCC_IRQHandler                           0x080001bf   Thumb Code     0  startup_stm32f40_41xxx.o(.text)
    RTC_Alarm_IRQHandler                     0x080001bf   Thumb Code     0  startup_stm32f40_41xxx.o(.text)
    RTC_WKUP_IRQHandler                      0x080001bf   Thumb Code     0  startup_stm32f40_41xxx.o(.text)
    SDIO_IRQHandler                          0x080001bf   Thumb Code     0  startup_stm32f40_41xxx.o(.text)
    SPI1_IRQHandler                          0x080001bf   Thumb Code     0  startup_stm32f40_41xxx.o(.text)
    SPI2_IRQHandler                          0x080001bf   Thumb Code     0  startup_stm32f40_41xxx.o(.text)
    SPI3_IRQHandler                          0x080001bf   Thumb Code     0  startup_stm32f40_41xxx.o(.text)
    TAMP_STAMP_IRQHandler                    0x080001bf   Thumb Code     0  startup_stm32f40_41xxx.o(.text)
    TIM1_BRK_TIM9_IRQHandler                 0x080001bf   Thumb Code     0  startup_stm32f40_41xxx.o(.text)
    TIM1_CC_IRQHandler                       0x080001bf   Thumb Code     0  startup_stm32f40_41xxx.o(.text)
    TIM1_TRG_COM_TIM11_IRQHandler            0x080001bf   Thumb Code     0  startup_stm32f40_41xxx.o(.text)
    TIM1_UP_TIM10_IRQHandler                 0x080001bf   Thumb Code     0  startup_stm32f40_41xxx.o(.text)
    TIM2_IRQHandler                          0x080001bf   Thumb Code     0  startup_stm32f40_41xxx.o(.text)
    TIM3_IRQHandler                          0x080001bf   Thumb Code     0  startup_stm32f40_41xxx.o(.text)
    TIM4_IRQHandler                          0x080001bf   Thumb Code     0  startup_stm32f40_41xxx.o(.text)
    TIM5_IRQHandler                          0x080001bf   Thumb Code     0  startup_stm32f40_41xxx.o(.text)
    TIM7_IRQHandler                          0x080001bf   Thumb Code     0  startup_stm32f40_41xxx.o(.text)
    TIM8_BRK_TIM12_IRQHandler                0x080001bf   Thumb Code     0  startup_stm32f40_41xxx.o(.text)
    TIM8_CC_IRQHandler                       0x080001bf   Thumb Code     0  startup_stm32f40_41xxx.o(.text)
    TIM8_TRG_COM_TIM14_IRQHandler            0x080001bf   Thumb Code     0  startup_stm32f40_41xxx.o(.text)
    TIM8_UP_TIM13_IRQHandler                 0x080001bf   Thumb Code     0  startup_stm32f40_41xxx.o(.text)
    UART4_IRQHandler                         0x080001bf   Thumb Code     0  startup_stm32f40_41xxx.o(.text)
    UART5_IRQHandler                         0x080001bf   Thumb Code     0  startup_stm32f40_41xxx.o(.text)
    USART1_IRQHandler                        0x080001bf   Thumb Code     0  startup_stm32f40_41xxx.o(.text)
    USART2_IRQHandler                        0x080001bf   Thumb Code     0  startup_stm32f40_41xxx.o(.text)
    USART3_IRQHandler                        0x080001bf   Thumb Code     0  startup_stm32f40_41xxx.o(.text)
    USART6_IRQHandler                        0x080001bf   Thumb Code     0  startup_stm32f40_41xxx.o(.text)
    WWDG_IRQHandler                          0x080001bf   Thumb Code     0  startup_stm32f40_41xxx.o(.text)
    __aeabi_memcpy                           0x080001c9   Thumb Code    36  memcpya.o(.text)
    __aeabi_memcpy4                          0x080001c9   Thumb Code     0  memcpya.o(.text)
    __aeabi_memcpy8                          0x080001c9   Thumb Code     0  memcpya.o(.text)
    strcpy                                   0x080001ed   Thumb Code    18  strcpy.o(.text)
    __cpp_initialize__aeabi_                 0x08000201   Thumb Code    22  cpp_init.o(.text)
    __aeabi_atexit                           0x08000221   Thumb Code    46  aeabi_atexit.o(.text)
    __aeabi_dadd                             0x0800024f   Thumb Code   322  dadd.o(.text)
    __aeabi_dsub                             0x08000391   Thumb Code     6  dadd.o(.text)
    __aeabi_drsub                            0x08000397   Thumb Code     6  dadd.o(.text)
    __aeabi_dmul                             0x0800039d   Thumb Code   228  dmul.o(.text)
    __aeabi_ddiv                             0x08000481   Thumb Code   222  ddiv.o(.text)
    __aeabi_f2d                              0x0800055f   Thumb Code    38  f2d.o(.text)
    __aeabi_cdcmpeq                          0x08000585   Thumb Code     0  cdcmple.o(.text)
    __aeabi_cdcmple                          0x08000585   Thumb Code    48  cdcmple.o(.text)
    __aeabi_cdrcmple                         0x080005b5   Thumb Code    48  cdrcmple.o(.text)
    __aeabi_d2f                              0x080005e5   Thumb Code    56  d2f.o(.text)
    __default_new_handler()                  0x0800061d   Thumb Code     4  arm_newhandler_noexceptions.o(.text)
    __aeabi_uidiv                            0x08000621   Thumb Code     0  uidiv.o(.text)
    __aeabi_uidivmod                         0x08000621   Thumb Code    44  uidiv.o(.text)
    __aeabi_uldivmod                         0x0800064d   Thumb Code    98  uldiv.o(.text)
    __aeabi_llsl                             0x080006af   Thumb Code    30  llshl.o(.text)
    _ll_shift_l                              0x080006af   Thumb Code     0  llshl.o(.text)
    __aeabi_lasr                             0x080006cd   Thumb Code    36  llsshr.o(.text)
    _ll_sshift_r                             0x080006cd   Thumb Code     0  llsshr.o(.text)
    __I$use$fp                               0x080006f1   Thumb Code     0  iusefp.o(.text)
    __rt_ddtor_pointer_addr                  0x080006f1   Thumb Code     4  cpp_dtor.o(.text)
    __rt_new_handler_addr                    0x080006f9   Thumb Code     4  cpp_memory.o(.text)
    __rt_eh_globals_addr                     0x080006fd   Thumb Code    12  cpp_memory.o(.text)
    __cxa_finalize                           0x0800070d   Thumb Code    66  cxa_finalize.o(.text)
    _float_round                             0x0800074f   Thumb Code    18  fepilogue.o(.text)
    _float_epilogue                          0x08000761   Thumb Code    92  fepilogue.o(.text)
    _double_round                            0x080007bd   Thumb Code    30  depilogue.o(.text)
    _double_epilogue                         0x080007db   Thumb Code   156  depilogue.o(.text)
    __aeabi_d2ulz                            0x08000877   Thumb Code    48  dfixul.o(.text)
    std::terminate()                         0x080008a7   Thumb Code    26  arm_exceptions_terminate.o(.text)
    __scatterload                            0x080008c1   Thumb Code    28  init.o(.text)
    __scatterload_rt2                        0x080008c1   Thumb Code     0  init.o(.text)
    __aeabi_llsr                             0x080008e5   Thumb Code    32  llushr.o(.text)
    _ll_ushift_r                             0x080008e5   Thumb Code     0  llushr.o(.text)
    __rt_lib_shutdown_cpp_2                  0x08000905   Thumb Code     2  cpp_final.o(.text)
    __cxa_get_globals                        0x0800090f   Thumb Code    62  arm_exceptions_globs.o(.text)
    __ARM_exceptions_buffer_init             0x08000959   Thumb Code    18  arm_exceptions_mem.o(.text)
    __ARM_exceptions_buffer_allocate         0x0800096b   Thumb Code    22  arm_exceptions_mem.o(.text)
    __ARM_exceptions_buffer_free             0x08000981   Thumb Code    20  arm_exceptions_mem.o(.text)
    BusFault_Handler                         0x08000995   Thumb Code     4  stm32f4xx_it.o(i.BusFault_Handler)
    DebugMon_Handler                         0x08000999   Thumb Code     2  stm32f4xx_it.o(i.DebugMon_Handler)
    GPIO_Init                                0x0800099b   Thumb Code   144  stm32f4xx_gpio.o(i.GPIO_Init)
    GPIO_PinAFConfig                         0x08000a2b   Thumb Code    70  stm32f4xx_gpio.o(i.GPIO_PinAFConfig)
    GPIO_ResetBits                           0x08000a71   Thumb Code     4  stm32f4xx_gpio.o(i.GPIO_ResetBits)
    GPIO_SetBits                             0x08000a75   Thumb Code     4  stm32f4xx_gpio.o(i.GPIO_SetBits)
    HardFault_Handler                        0x08000a79   Thumb Code     4  stm32f4xx_it.o(i.HardFault_Handler)
    I2C_AcknowledgeConfig                    0x08000a7d   Thumb Code    24  stm32f4xx_i2c.o(i.I2C_AcknowledgeConfig)
    I2C_CheckEvent                           0x08000a95   Thumb Code    42  stm32f4xx_i2c.o(i.I2C_CheckEvent)
    I2C_Cmd                                  0x08000abf   Thumb Code    24  stm32f4xx_i2c.o(i.I2C_Cmd)
    I2C_GenerateSTART                        0x08000ad7   Thumb Code    24  stm32f4xx_i2c.o(i.I2C_GenerateSTART)
    I2C_GenerateSTOP                         0x08000aef   Thumb Code    24  stm32f4xx_i2c.o(i.I2C_GenerateSTOP)
    I2C_GetFlagStatus                        0x08000b07   Thumb Code    58  stm32f4xx_i2c.o(i.I2C_GetFlagStatus)
    I2C_Init                                 0x08000b41   Thumb Code   218  stm32f4xx_i2c.o(i.I2C_Init)
    I2C_ReadRegister                         0x08000c29   Thumb Code    22  stm32f4xx_i2c.o(i.I2C_ReadRegister)
    I2C_ReceiveData                          0x08000c3f   Thumb Code     8  stm32f4xx_i2c.o(i.I2C_ReceiveData)
    I2C_Send7bitAddress                      0x08000c47   Thumb Code    16  stm32f4xx_i2c.o(i.I2C_Send7bitAddress)
    I2C_SendData                             0x08000c57   Thumb Code     4  stm32f4xx_i2c.o(i.I2C_SendData)
    MemManage_Handler                        0x08000c5b   Thumb Code     4  stm32f4xx_it.o(i.MemManage_Handler)
    NMI_Handler                              0x08000c5f   Thumb Code     2  stm32f4xx_it.o(i.NMI_Handler)
    NVIC_Init                                0x08000c61   Thumb Code   106  misc.o(i.NVIC_Init)
    NVIC_PriorityGroupConfig                 0x08000cd9   Thumb Code    10  misc.o(i.NVIC_PriorityGroupConfig)
    PendSV_Handler                           0x08000ced   Thumb Code     2  stm32f4xx_it.o(i.PendSV_Handler)
    RCC_AHB1PeriphClockCmd                   0x08000cf1   Thumb Code    26  stm32f4xx_rcc.o(i.RCC_AHB1PeriphClockCmd)
    RCC_APB1PeriphClockCmd                   0x08000d11   Thumb Code    26  stm32f4xx_rcc.o(i.RCC_APB1PeriphClockCmd)
    RCC_APB2PeriphClockCmd                   0x08000d31   Thumb Code    26  stm32f4xx_rcc.o(i.RCC_APB2PeriphClockCmd)
    RCC_GetClocksFreq                        0x08000d51   Thumb Code   214  stm32f4xx_rcc.o(i.RCC_GetClocksFreq)
    SEGGER_RTT_Write                         0x08000e39   Thumb Code    68  segger_rtt.o(i.SEGGER_RTT_Write)
    SEGGER_RTT_WriteNoLock                   0x08000e81   Thumb Code   126  segger_rtt.o(i.SEGGER_RTT_WriteNoLock)
    SEGGER_RTT_printf                        0x08000f05   Thumb Code    34  segger_rtt_printf.o(i.SEGGER_RTT_printf)
    SVC_Handler                              0x08000f27   Thumb Code     2  stm32f4xx_it.o(i.SVC_Handler)
    SysTick_CLKSourceConfig                  0x08000f29   Thumb Code    40  misc.o(i.SysTick_CLKSourceConfig)
    SysTick_Handler                          0x08000f51   Thumb Code     2  stm32f4xx_it.o(i.SysTick_Handler)
    SystemInit                               0x08000f55   Thumb Code    88  system_stm32f4xx.o(i.SystemInit)
    TIM6_DAC_IRQHandler                      0x08000fbd   Thumb Code    46  timer.o(i.TIM6_DAC_IRQHandler)
    TIM_ARRPreloadConfig                     0x08000ff1   Thumb Code    24  stm32f4xx_tim.o(i.TIM_ARRPreloadConfig)
    TIM_ClearFlag                            0x08001009   Thumb Code     6  stm32f4xx_tim.o(i.TIM_ClearFlag)
    TIM_ClearITPendingBit                    0x0800100f   Thumb Code     6  stm32f4xx_tim.o(i.TIM_ClearITPendingBit)
    TIM_Cmd                                  0x08001015   Thumb Code    24  stm32f4xx_tim.o(i.TIM_Cmd)
    TIM_GetITStatus                          0x0800102d   Thumb Code    34  stm32f4xx_tim.o(i.TIM_GetITStatus)
    TIM_ITConfig                             0x0800104f   Thumb Code    18  stm32f4xx_tim.o(i.TIM_ITConfig)
    TIM_PrescalerConfig                      0x08001061   Thumb Code     6  stm32f4xx_tim.o(i.TIM_PrescalerConfig)
    TIM_SelectInputTrigger                   0x08001067   Thumb Code    18  stm32f4xx_tim.o(i.TIM_SelectInputTrigger)
    TIM_SelectMasterSlaveMode                0x08001079   Thumb Code    18  stm32f4xx_tim.o(i.TIM_SelectMasterSlaveMode)
    TIM_SelectOutputTrigger                  0x0800108b   Thumb Code    18  stm32f4xx_tim.o(i.TIM_SelectOutputTrigger)
    TIM_SelectSlaveMode                      0x0800109d   Thumb Code    18  stm32f4xx_tim.o(i.TIM_SelectSlaveMode)
    TIM_TimeBaseInit                         0x080010b1   Thumb Code   104  stm32f4xx_tim.o(i.TIM_TimeBaseInit)
    TIM_TimeBaseStructInit                   0x08001135   Thumb Code    18  stm32f4xx_tim.o(i.TIM_TimeBaseStructInit)
    TIM_UpdateDisableConfig                  0x08001147   Thumb Code    24  stm32f4xx_tim.o(i.TIM_UpdateDisableConfig)
    TIM_UpdateRequestConfig                  0x0800115f   Thumb Code    24  stm32f4xx_tim.o(i.TIM_UpdateRequestConfig)
    USART_ClearFlag                          0x08001177   Thumb Code    18  stm32f4xx_usart.o(i.USART_ClearFlag)
    USART_Cmd                                0x08001189   Thumb Code    24  stm32f4xx_usart.o(i.USART_Cmd)
    USART_ITConfig                           0x080011a1   Thumb Code    74  stm32f4xx_usart.o(i.USART_ITConfig)
    USART_Init                               0x080011ed   Thumb Code   204  stm32f4xx_usart.o(i.USART_Init)
    UsageFault_Handler                       0x080012c1   Thumb Code     4  stm32f4xx_it.o(i.UsageFault_Handler)
    delay_init(unsigned char)                0x08001309   Thumb Code    52  delay.o(i._Z10delay_inith)
    InitMPU6050()                            0x08001345   Thumb Code   110  imu.o(i._Z11InitMPU6050v)
    vector3_dot(Vector3, Vector3)            0x080014a1   Thumb Code    44  imu.o(i._Z11vector3_dot7Vector3S_)
    filterUpdate(Quaternion*, float, float, float, float, float, float, float, float) 0x080014cd   Thumb Code  1034  imu.o(i._Z12filterUpdateP10Quaternionffffffff)
    getAxisAngle(int, Quaternion)            0x080018e9   Thumb Code   128  imu.o(i._Z12getAxisAnglei10Quaternion)
    setAxisAngle(Vector3, float, Quaternion*) 0x08001969   Thumb Code   128  imu.o(i._Z12setAxisAngle7Vector3fP10Quaternion)
    toEulerAngle(Quaternion, float*, float*, float*) 0x080019f1   Thumb Code   514  imu.o(i._Z12toEulerAngle10QuaternionPfS0_S0_)
    vector3_norm(Vector3*)                   0x08001c11   Thumb Code    82  imu.o(i._Z12vector3_normP7Vector3)
    IMU_getValues(float*)                    0x08001c65   Thumb Code   144  imu.o(i._Z13IMU_getValuesPf)
    correct_drift()                          0x08001d45   Thumb Code   616  imu.o(i._Z13correct_driftv)
    correction_gz(float, float, float, float, float, float) 0x08001ffd   Thumb Code   314  imu.o(i._Z13correction_gzffffff)
    getMaxMinDiff(float*, unsigned short)    0x08002169   Thumb Code   100  imu.o(i._Z13getMaxMinDiffPft)
    quaternionDot(Quaternion, Quaternion)    0x080021cd   Thumb Code    56  imu.o(i._Z13quaternionDot10QuaternionS_)
    vector3_cross(Vector3, Vector3, Vector3*) 0x08002205   Thumb Code    94  imu.o(i._Z13vector3_cross7Vector3S_PS_)
    Initial_Timer3()                         0x08002265   Thumb Code   182  imu.o(i._Z14Initial_Timer3v)
    vector3_length(Vector3)                  0x08002483   Thumb Code    52  imu.o(i._Z14vector3_length7Vector3)
    quaternionMulti(Quaternion, Quaternion, Quaternion*) 0x080024b7   Thumb Code   218  imu.o(i._Z15quaternionMulti10QuaternionS_PS_)
    quaternion_norm(Quaternion*)             0x08002591   Thumb Code   102  imu.o(i._Z15quaternion_normP10Quaternion)
    getRotationMatrix(float*, Quaternion)    0x080025f9   Thumb Code   334  imu.o(i._Z17getRotationMatrixPf10Quaternion)
    quaternionInverse(Quaternion, Quaternion*) 0x08002751   Thumb Code    54  imu.o(i._Z17quaternionInverse10QuaternionPS_)
    SEGGER_RTT_vprintf(unsigned, const char*, std::__va_list*) 0x08002787   Thumb Code   522  segger_rtt_printf.o(i._Z18SEGGER_RTT_vprintfjPKcPSt9__va_list)
    IMU_getYawPitchRoll(float*)              0x08002991   Thumb Code   280  imu.o(i._Z19IMU_getYawPitchRollPf)
    quaternion_rotation(Vector3, Quaternion, Vector3*) 0x08002add   Thumb Code   170  imu.o(i._Z19quaternion_rotation7Vector310QuaternionPS_)
    quaternionFromRotate(Vector3, Vector3, Quaternion*) 0x08002b89   Thumb Code   378  imu.o(i._Z20quaternionFromRotate7Vector3S_P10Quaternion)
    MPU6050_InitGyro_Offset()                0x08002d29   Thumb Code   464  imu.o(i._Z23MPU6050_InitGyro_Offsetv)
    micros()                                 0x08002f19   Thumb Code    16  imu.o(i._Z6microsv)
    GetData(unsigned char)                   0x08002f31   Thumb Code    46  imu.o(i._Z7GetDatah)
    invSqrt(float)                           0x08002fd1   Thumb Code    56  imu.o(i._Z7invSqrtf)
    IMU_getQ(Quaternion*)                    0x0800300d   Thumb Code   250  imu.o(i._Z8IMU_getQP10Quaternion)
    IMU_init()                               0x0800311d   Thumb Code    80  imu.o(i._Z8IMU_initv)
    delay_ms(unsigned short)                 0x08003181   Thumb Code    56  delay.o(i._Z8delay_mst)
    delay_us(unsigned)                       0x080031b9   Thumb Code    72  delay.o(i._Z8delay_usj)
    LED_D2_D3()                              0x08003205   Thumb Code    56  main.o(i._Z9LED_D2_D3v)
    delay_xms(unsigned short)                0x0800332d   Thumb Code    72  delay.o(i._Z9delay_xmst)
    uart_init(unsigned)                      0x08003379   Thumb Code   172  usart.o(i._Z9uart_initj)
    CTimer_Lower::getNowTime_ms()            0x0800342d   Thumb Code     6  timer.o(i._ZN12CTimer_Lower13getNowTime_msEv)
    CTimer_Lower::CTimer_Lower()             0x08003435   Thumb Code   108  timer.o(i._ZN12CTimer_LowerC1Ev)
    CTimer_Lower::CTimer_Lower__sub_object() 0x08003435   Thumb Code     0  timer.o(i._ZN12CTimer_LowerC1Ev)
    Timer::isTimeUp_ms(unsigned)             0x080034a5   Thumb Code    54  timer.o(i._ZN5Timer11isTimeUp_msEj)
    Timer::Timer()                           0x080034db   Thumb Code     8  timer.o(i._ZN5TimerC1Ev)
    Timer::Timer__sub_object()               0x080034db   Thumb Code     0  timer.o(i._ZN5TimerC1Ev)
    Timer::~Timer()                          0x080034e3   Thumb Code     2  main.o(i._ZN5TimerD1Ev)
    Timer::~Timer__sub_object()              0x080034e3   Thumb Code     0  main.o(i._ZN5TimerD1Ev)
    I2CDriver::initialize()                  0x080034e5   Thumb Code   172  i2cdriver.o(i._ZN9I2CDriver10initializeEv)
    I2CDriver::writeArrary(unsigned char, const unsigned char*, unsigned short) 0x08003595   Thumb Code   208  i2cdriver.o(i._ZN9I2CDriver11writeArraryEhPKht)
    I2CDriver::I2C_ByteRead(unsigned char)   0x0800366d   Thumb Code    28  i2cdriver.o(i._ZN9I2CDriver12I2C_ByteReadEh)
    I2CDriver::I2C_ByteWrite(unsigned char, unsigned char) 0x08003689   Thumb Code    30  i2cdriver.o(i._ZN9I2CDriver13I2C_ByteWriteEhh)
    I2CDriver::WAIT_FOR_FLAG(unsigned, FlagStatus, int, int) 0x080036a9   Thumb Code    68  i2cdriver.o(i._ZN9I2CDriver13WAIT_FOR_FLAGEj10FlagStatusii)
    I2CDriver::WAIT_FOR_EVENT(unsigned, int, int) 0x080036f1   Thumb Code    62  i2cdriver.o(i._ZN9I2CDriver14WAIT_FOR_EVENTEjii)
    I2CDriver::I2Cx_TIMEOUT_UserCallback(char) 0x08003735   Thumb Code    20  i2cdriver.o(i._ZN9I2CDriver25I2Cx_TIMEOUT_UserCallbackEc)
    I2CDriver::readByte(unsigned char, unsigned char, unsigned char*, unsigned short) 0x08003761   Thumb Code   250  i2cdriver.o(i._ZN9I2CDriver8readByteEhhPht)
    std::fabs(float)                         0x08003869   Thumb Code    10  imu.o(i._ZSt4fabsf)
    std::sqrt(float)                         0x08003873   Thumb Code    24  imu.o(i._ZSt4sqrtf)
    std::atan2(float, float)                 0x0800388b   Thumb Code    32  imu.o(i._ZSt5atan2ff)
    operator new(unsigned)                   0x080038ad   Thumb Code    34  new.o(i._Znwj)
    __0vsnprintf                             0x080038d5   Thumb Code    40  printfa.o(i.__0vsnprintf)
    __1vsnprintf                             0x080038d5   Thumb Code     0  printfa.o(i.__0vsnprintf)
    __2vsnprintf                             0x080038d5   Thumb Code     0  printfa.o(i.__0vsnprintf)
    __c89vsnprintf                           0x080038d5   Thumb Code     0  printfa.o(i.__0vsnprintf)
    vsnprintf                                0x080038d5   Thumb Code     0  printfa.o(i.__0vsnprintf)
    __ARM_fpclassifyf                        0x08003901   Thumb Code    38  fpclassifyf.o(i.__ARM_fpclassifyf)
    __hardfp_asinf                           0x08003929   Thumb Code   258  asinf.o(i.__hardfp_asinf)
    __hardfp_atan2f                          0x08003a55   Thumb Code   502  atan2f.o(i.__hardfp_atan2f)
    __hardfp_cosf                            0x08003ca5   Thumb Code   280  cosf.o(i.__hardfp_cosf)
    __hardfp_sinf                            0x08003df5   Thumb Code   344  sinf.o(i.__hardfp_sinf)
    __hardfp_sqrtf                           0x08003f85   Thumb Code    58  sqrtf.o(i.__hardfp_sqrtf)
    __mathlib_flt_infnan                     0x08003fbf   Thumb Code     6  funder.o(i.__mathlib_flt_infnan)
    __mathlib_flt_infnan2                    0x08003fc5   Thumb Code     6  funder.o(i.__mathlib_flt_infnan2)
    __mathlib_flt_invalid                    0x08003fcd   Thumb Code    10  funder.o(i.__mathlib_flt_invalid)
    __mathlib_flt_underflow                  0x08003fdd   Thumb Code    10  funder.o(i.__mathlib_flt_underflow)
    __mathlib_rredf2                         0x08003fed   Thumb Code   316  rredf.o(i.__mathlib_rredf2)
    __scatterload_copy                       0x08004141   Thumb Code    14  handlers.o(i.__scatterload_copy)
    __scatterload_null                       0x0800414f   Thumb Code     2  handlers.o(i.__scatterload_null)
    __scatterload_zeroinit                   0x08004151   Thumb Code    14  handlers.o(i.__scatterload_zeroinit)
    __set_errno                              0x08004161   Thumb Code     6  errno.o(i.__set_errno)
    free                                     0x08004a69   Thumb Code    76  malloc.o(i.free)
    main                                     0x08004ab9   Thumb Code   280  main.o(i.main)
    malloc                                   0x08004c35   Thumb Code    92  malloc.o(i.malloc)
    printf2                                  0x08004ca1   Thumb Code    48  segger_rtt.o(i.printf2)
    sqrtf                                    0x08004cd1   Thumb Code    62  sqrtf.o(i.sqrtf)
    NormalSingleton<CTimer_Lower>::Instance() 0x08004d11   Thumb Code    32  timer.o(t._ZN15NormalSingletonI12CTimer_LowerE8InstanceEv)
    NormalSingleton<I2CDriver>::Instance()   0x08004d35   Thumb Code    64  inv_mpu.o(t._ZN15NormalSingletonI9I2CDriverE8InstanceEv)
    Region$$Table$$Base                      0x08004de8   Number         0  anon$$obj.o(Region$$Table)
    Region$$Table$$Limit                     0x08004e08   Number         0  anon$$obj.o(Region$$Table)
    SHT$$INIT_ARRAY$$Base                    0x08004e08   Number         0  main.o(.init_array)
    SHT$$INIT_ARRAY$$Limit                   0x08004e0c   Number         0  cpp_init.o(.init_array)
    lastUpdate                               0x20000014   Data           4  imu.o(.data)
    now                                      0x20000018   Data           4  imu.o(.data)
    Gx_offset                                0x2000001c   Data           2  imu.o(.data)
    Gy_offset                                0x2000001e   Data           2  imu.o(.data)
    Gz_offset                                0x20000020   Data           2  imu.o(.data)
    __microlib_freelist                      0x2000005c   Data           4  mvars.o(.data)
    __microlib_freelist_initialised          0x20000060   Data           4  mvars.o(.data)
    NormalSingleton<CTimer_Lower>::ins       0x20000064   Data           4  timer.o(.data__ZN15NormalSingletonI12CTimer_LowerE3insE)
    NormalSingleton<I2CDriver>::ins          0x20000068   Data           4  main.o(.data__ZN15NormalSingletonI9I2CDriverE3insE)
    _SEGGER_RTT                              0x20000094   Data         168  segger_rtt.o(.bss)
    Q_es                                     0x2000054c   Data          16  imu.o(.bss)
    Q_bs                                     0x2000055c   Data          16  imu.o(.bss)
    __heap_base                              0x20002af0   Data           0  startup_stm32f40_41xxx.o(HEAP)
    __heap_limit                             0x20002cf0   Data           0  startup_stm32f40_41xxx.o(HEAP)
    __initial_sp                             0x200030f0   Data           0  startup_stm32f40_41xxx.o(STACK)



==============================================================================

Memory Map of the image

  Image Entry point : 0x08000189

  Load Region LR_IROM1 (Base: 0x08000000, Size: 0x00004e78, Max: 0x00080000, ABSOLUTE)

    Execution Region ER_IROM1 (Base: 0x08000000, Size: 0x00004e0c, Max: 0x00080000, ABSOLUTE)

    Base Addr    Size         Type   Attr      Idx    E Section Name        Object

    0x08000000   0x00000188   Data   RO          330    RESET               startup_stm32f40_41xxx.o
    0x08000188   0x00000000   Code   RO         7094  * .ARM.Collect$$$$00000000  mc_w.l(entry.o)
    0x08000188   0x00000004   Code   RO         7226    .ARM.Collect$$$$00000001  mc_w.l(entry2.o)
    0x0800018c   0x00000004   Code   RO         7229    .ARM.Collect$$$$00000004  mc_w.l(entry5.o)
    0x08000190   0x00000000   Code   RO         7231    .ARM.Collect$$$$00000008  mc_w.l(entry7b.o)
    0x08000190   0x00000004   Code   RO         7232    .ARM.Collect$$$$00000009  mc_w.l(entry8a.o)
    0x08000194   0x00000000   Code   RO         7233    .ARM.Collect$$$$0000000A  mc_w.l(entry8b.o)
    0x08000194   0x00000008   Code   RO         7234    .ARM.Collect$$$$0000000B  mc_w.l(entry9a.o)
    0x0800019c   0x00000000   Code   RO         7236    .ARM.Collect$$$$0000000D  mc_w.l(entry10a.o)
    0x0800019c   0x00000004   Code   RO         7237    .ARM.Collect$$$$0000000E  mc_w.l(entry10b.o)
    0x080001a0   0x00000000   Code   RO         7238    .ARM.Collect$$$$0000000F  mc_w.l(entry11a.o)
    0x080001a0   0x00000004   Code   RO         7227    .ARM.Collect$$$$00002712  mc_w.l(entry2.o)
    0x080001a4   0x00000024   Code   RO          331    .text               startup_stm32f40_41xxx.o
    0x080001c8   0x00000024   Code   RO         7099    .text               mc_w.l(memcpya.o)
    0x080001ec   0x00000012   Code   RO         7107    .text               mc_w.l(strcpy.o)
    0x080001fe   0x00000002   PAD
    0x08000200   0x00000020   Code   RO         7142    .text               mc_w.l(cpp_init.o)
    0x08000220   0x0000002e   Code   RO         7144    .text               mc_w.l(aeabi_atexit.o)
    0x0800024e   0x0000014e   Code   RO         7146    .text               mf_w.l(dadd.o)
    0x0800039c   0x000000e4   Code   RO         7148    .text               mf_w.l(dmul.o)
    0x08000480   0x000000de   Code   RO         7150    .text               mf_w.l(ddiv.o)
    0x0800055e   0x00000026   Code   RO         7152    .text               mf_w.l(f2d.o)
    0x08000584   0x00000030   Code   RO         7154    .text               mf_w.l(cdcmple.o)
    0x080005b4   0x00000030   Code   RO         7156    .text               mf_w.l(cdrcmple.o)
    0x080005e4   0x00000038   Code   RO         7158    .text               mf_w.l(d2f.o)
    0x0800061c   0x00000004   Code   RO         7163    .text               cpprt_w.l(arm_newhandler_noexceptions.o)
    0x08000620   0x0000002c   Code   RO         7243    .text               mc_w.l(uidiv.o)
    0x0800064c   0x00000062   Code   RO         7245    .text               mc_w.l(uldiv.o)
    0x080006ae   0x0000001e   Code   RO         7247    .text               mc_w.l(llshl.o)
    0x080006cc   0x00000024   Code   RO         7249    .text               mc_w.l(llsshr.o)
    0x080006f0   0x00000000   Code   RO         7286    .text               mc_w.l(iusefp.o)
    0x080006f0   0x00000008   Code   RO         7287    .text               mc_w.l(cpp_dtor.o)
    0x080006f8   0x00000014   Code   RO         7290    .text               mc_w.l(cpp_memory.o)
    0x0800070c   0x00000042   Code   RO         7293    .text               mc_w.l(cxa_finalize.o)
    0x0800074e   0x0000006e   Code   RO         7295    .text               mf_w.l(fepilogue.o)
    0x080007bc   0x000000ba   Code   RO         7297    .text               mf_w.l(depilogue.o)
    0x08000876   0x00000030   Code   RO         7301    .text               mf_w.l(dfixul.o)
    0x080008a6   0x0000001a   Code   RO         7425    .text               cpprt_w.l(arm_exceptions_terminate.o)
    0x080008c0   0x00000024   Code   RO         7441    .text               mc_w.l(init.o)
    0x080008e4   0x00000020   Code   RO         7444    .text               mc_w.l(llushr.o)
    0x08000904   0x00000002   Code   RO         7449    .text               mc_w.l(cpp_final.o)
    0x08000906   0x00000002   PAD
    0x08000908   0x00000050   Code   RO         7473    .text               cpprt_w.l(arm_exceptions_globs.o)
    0x08000958   0x0000003c   Code   RO         7488    .text               cpprt_w.l(arm_exceptions_mem.o)
    0x08000994   0x00000004   Code   RO          191    i.BusFault_Handler  stm32f4xx_it.o
    0x08000998   0x00000002   Code   RO          192    i.DebugMon_Handler  stm32f4xx_it.o
    0x0800099a   0x00000090   Code   RO         2236    i.GPIO_Init         stm32f4xx_gpio.o
    0x08000a2a   0x00000046   Code   RO         2237    i.GPIO_PinAFConfig  stm32f4xx_gpio.o
    0x08000a70   0x00000004   Code   RO         2243    i.GPIO_ResetBits    stm32f4xx_gpio.o
    0x08000a74   0x00000004   Code   RO         2244    i.GPIO_SetBits      stm32f4xx_gpio.o
    0x08000a78   0x00000004   Code   RO          193    i.HardFault_Handler  stm32f4xx_it.o
    0x08000a7c   0x00000018   Code   RO         2528    i.I2C_AcknowledgeConfig  stm32f4xx_i2c.o
    0x08000a94   0x0000002a   Code   RO         2531    i.I2C_CheckEvent    stm32f4xx_i2c.o
    0x08000abe   0x00000018   Code   RO         2534    i.I2C_Cmd           stm32f4xx_i2c.o
    0x08000ad6   0x00000018   Code   RO         2542    i.I2C_GenerateSTART  stm32f4xx_i2c.o
    0x08000aee   0x00000018   Code   RO         2543    i.I2C_GenerateSTOP  stm32f4xx_i2c.o
    0x08000b06   0x0000003a   Code   RO         2544    i.I2C_GetFlagStatus  stm32f4xx_i2c.o
    0x08000b40   0x000000e8   Code   RO         2549    i.I2C_Init          stm32f4xx_i2c.o
    0x08000c28   0x00000016   Code   RO         2553    i.I2C_ReadRegister  stm32f4xx_i2c.o
    0x08000c3e   0x00000008   Code   RO         2554    i.I2C_ReceiveData   stm32f4xx_i2c.o
    0x08000c46   0x00000010   Code   RO         2556    i.I2C_Send7bitAddress  stm32f4xx_i2c.o
    0x08000c56   0x00000004   Code   RO         2557    i.I2C_SendData      stm32f4xx_i2c.o
    0x08000c5a   0x00000004   Code   RO          194    i.MemManage_Handler  stm32f4xx_it.o
    0x08000c5e   0x00000002   Code   RO          195    i.NMI_Handler       stm32f4xx_it.o
    0x08000c60   0x00000078   Code   RO          336    i.NVIC_Init         misc.o
    0x08000cd8   0x00000014   Code   RO          337    i.NVIC_PriorityGroupConfig  misc.o
    0x08000cec   0x00000002   Code   RO          196    i.PendSV_Handler    stm32f4xx_it.o
    0x08000cee   0x00000002   PAD
    0x08000cf0   0x00000020   Code   RO         3193    i.RCC_AHB1PeriphClockCmd  stm32f4xx_rcc.o
    0x08000d10   0x00000020   Code   RO         3202    i.RCC_APB1PeriphClockCmd  stm32f4xx_rcc.o
    0x08000d30   0x00000020   Code   RO         3205    i.RCC_APB2PeriphClockCmd  stm32f4xx_rcc.o
    0x08000d50   0x000000e8   Code   RO         3214    i.RCC_GetClocksFreq  stm32f4xx_rcc.o
    0x08000e38   0x00000048   Code   RO         5834    i.SEGGER_RTT_Write  segger_rtt.o
    0x08000e80   0x00000084   Code   RO         5835    i.SEGGER_RTT_WriteNoLock  segger_rtt.o
    0x08000f04   0x00000022   Code   RO         6030    i.SEGGER_RTT_printf  segger_rtt_printf.o
    0x08000f26   0x00000002   Code   RO          197    i.SVC_Handler       stm32f4xx_it.o
    0x08000f28   0x00000028   Code   RO          340    i.SysTick_CLKSourceConfig  misc.o
    0x08000f50   0x00000002   Code   RO          198    i.SysTick_Handler   stm32f4xx_it.o
    0x08000f52   0x00000002   PAD
    0x08000f54   0x00000068   Code   RO          294    i.SystemInit        system_stm32f4xx.o
    0x08000fbc   0x00000034   Code   RO         6073    i.TIM6_DAC_IRQHandler  timer.o
    0x08000ff0   0x00000018   Code   RO         4701    i.TIM_ARRPreloadConfig  stm32f4xx_tim.o
    0x08001008   0x00000006   Code   RO         4707    i.TIM_ClearFlag     stm32f4xx_tim.o
    0x0800100e   0x00000006   Code   RO         4708    i.TIM_ClearITPendingBit  stm32f4xx_tim.o
    0x08001014   0x00000018   Code   RO         4713    i.TIM_Cmd           stm32f4xx_tim.o
    0x0800102c   0x00000022   Code   RO         4734    i.TIM_GetITStatus   stm32f4xx_tim.o
    0x0800104e   0x00000012   Code   RO         4738    i.TIM_ITConfig      stm32f4xx_tim.o
    0x08001060   0x00000006   Code   RO         4762    i.TIM_PrescalerConfig  stm32f4xx_tim.o
    0x08001066   0x00000012   Code   RO         4767    i.TIM_SelectInputTrigger  stm32f4xx_tim.o
    0x08001078   0x00000012   Code   RO         4768    i.TIM_SelectMasterSlaveMode  stm32f4xx_tim.o
    0x0800108a   0x00000012   Code   RO         4771    i.TIM_SelectOutputTrigger  stm32f4xx_tim.o
    0x0800109c   0x00000012   Code   RO         4772    i.TIM_SelectSlaveMode  stm32f4xx_tim.o
    0x080010ae   0x00000002   PAD
    0x080010b0   0x00000084   Code   RO         4785    i.TIM_TimeBaseInit  stm32f4xx_tim.o
    0x08001134   0x00000012   Code   RO         4786    i.TIM_TimeBaseStructInit  stm32f4xx_tim.o
    0x08001146   0x00000018   Code   RO         4787    i.TIM_UpdateDisableConfig  stm32f4xx_tim.o
    0x0800115e   0x00000018   Code   RO         4788    i.TIM_UpdateRequestConfig  stm32f4xx_tim.o
    0x08001176   0x00000012   Code   RO         5351    i.USART_ClearFlag   stm32f4xx_usart.o
    0x08001188   0x00000018   Code   RO         5355    i.USART_Cmd         stm32f4xx_usart.o
    0x080011a0   0x0000004a   Code   RO         5361    i.USART_ITConfig    stm32f4xx_usart.o
    0x080011ea   0x00000002   PAD
    0x080011ec   0x000000d4   Code   RO         5362    i.USART_Init        stm32f4xx_usart.o
    0x080012c0   0x00000004   Code   RO          199    i.UsageFault_Handler  stm32f4xx_it.o
    0x080012c4   0x00000044   Code   RO         6031    i._Z10_StoreCharP22SEGGER_RTT_PRINTF_DESCc  segger_rtt_printf.o
    0x08001308   0x0000003c   Code   RO         5630    i._Z10delay_inith   delay.o
    0x08001344   0x0000006e   Code   RO         6729    i._Z11InitMPU6050v  imu.o
    0x080013b2   0x00000002   PAD
    0x080013b4   0x000000ec   Code   RO          295    i._Z11SetSysClockv  system_stm32f4xx.o
    0x080014a0   0x0000002c   Code   RO         6730    i._Z11vector3_dot7Vector3S_  imu.o
    0x080014cc   0x0000041c   Code   RO         6731    i._Z12filterUpdateP10Quaternionffffffff  imu.o
    0x080018e8   0x00000080   Code   RO         6732    i._Z12getAxisAnglei10Quaternion  imu.o
    0x08001968   0x00000088   Code   RO         6734    i._Z12setAxisAngle7Vector3fP10Quaternion  imu.o
    0x080019f0   0x00000220   Code   RO         6735    i._Z12toEulerAngle10QuaternionPfS0_S0_  imu.o
    0x08001c10   0x00000052   Code   RO         6737    i._Z12vector3_normP7Vector3  imu.o
    0x08001c62   0x00000002   PAD
    0x08001c64   0x00000094   Code   RO         6738    i._Z13IMU_getValuesPf  imu.o
    0x08001cf8   0x0000004c   Code   RO         5839    i._Z13_WriteNoCheckP20SEGGER_RTT_BUFFER_UPPKcj  segger_rtt.o
    0x08001d44   0x000002b8   Code   RO         6739    i._Z13correct_driftv  imu.o
    0x08001ffc   0x0000016c   Code   RO         6740    i._Z13correction_gzffffff  imu.o
    0x08002168   0x00000064   Code   RO         6741    i._Z13getMaxMinDiffPft  imu.o
    0x080021cc   0x00000038   Code   RO         6742    i._Z13quaternionDot10QuaternionS_  imu.o
    0x08002204   0x0000005e   Code   RO         6743    i._Z13vector3_cross7Vector3S_PS_  imu.o
    0x08002262   0x00000002   PAD
    0x08002264   0x000000c0   Code   RO         6744    i._Z14Initial_Timer3v  imu.o
    0x08002324   0x000000ec   Code   RO         6032    i._Z14_PrintUnsignedP22SEGGER_RTT_PRINTF_DESCjjjjj  segger_rtt_printf.o
    0x08002410   0x00000072   Code   RO         5840    i._Z14_WriteBlockingP20SEGGER_RTT_BUFFER_UPPKcj  segger_rtt.o
    0x08002482   0x00000034   Code   RO         6745    i._Z14vector3_length7Vector3  imu.o
    0x080024b6   0x000000da   Code   RO         6746    i._Z15quaternionMulti10QuaternionS_PS_  imu.o
    0x08002590   0x00000066   Code   RO         6747    i._Z15quaternion_normP10Quaternion  imu.o
    0x080025f6   0x00000002   PAD
    0x080025f8   0x00000158   Code   RO         6748    i._Z17getRotationMatrixPf10Quaternion  imu.o
    0x08002750   0x00000036   Code   RO         6749    i._Z17quaternionInverse10QuaternionPS_  imu.o
    0x08002786   0x0000020a   Code   RO         6033    i._Z18SEGGER_RTT_vprintfjPKcPSt9__va_list  segger_rtt_printf.o
    0x08002990   0x00000130   Code   RO         6750    i._Z19IMU_getYawPitchRollPf  imu.o
    0x08002ac0   0x0000001c   Code   RO         5841    i._Z19_GetAvailWriteSpaceP20SEGGER_RTT_BUFFER_UP  segger_rtt.o
    0x08002adc   0x000000aa   Code   RO         6751    i._Z19quaternion_rotation7Vector310QuaternionPS_  imu.o
    0x08002b86   0x00000002   PAD
    0x08002b88   0x000001a0   Code   RO         6752    i._Z20quaternionFromRotate7Vector3S_P10Quaternion  imu.o
    0x08002d28   0x000001f0   Code   RO         6753    i._Z23MPU6050_InitGyro_Offsetv  imu.o
    0x08002f18   0x00000018   Code   RO         6754    i._Z6microsv        imu.o
    0x08002f30   0x0000002e   Code   RO         6755    i._Z7GetDatah       imu.o
    0x08002f5e   0x00000002   PAD
    0x08002f60   0x00000070   Code   RO         5843    i._Z7_DoInitv       segger_rtt.o
    0x08002fd0   0x0000003c   Code   RO         6756    i._Z7invSqrtf       imu.o
    0x0800300c   0x00000110   Code   RO         6757    i._Z8IMU_getQP10Quaternion  imu.o
    0x0800311c   0x00000064   Code   RO         6758    i._Z8IMU_initv      imu.o
    0x08003180   0x00000038   Code   RO         5631    i._Z8delay_mst      delay.o
    0x080031b8   0x0000004c   Code   RO         5632    i._Z8delay_usj      delay.o
    0x08003204   0x0000003c   Code   RO            2    i._Z9LED_D2_D3v     main.o
    0x08003240   0x000000ec   Code   RO         6034    i._Z9_PrintIntP22SEGGER_RTT_PRINTF_DESCijjjj  segger_rtt_printf.o
    0x0800332c   0x0000004c   Code   RO         5633    i._Z9delay_xmst     delay.o
    0x08003378   0x000000b4   Code   RO         5681    i._Z9uart_initj     usart.o
    0x0800342c   0x00000006   Code   RO         6135    i._ZN12CTimer_Lower13getNowTime_msEv  timer.o
    0x08003432   0x00000002   PAD
    0x08003434   0x00000070   Code   RO         6075    i._ZN12CTimer_LowerC1Ev  timer.o
    0x080034a4   0x00000036   Code   RO         6076    i._ZN5Timer11isTimeUp_msEj  timer.o
    0x080034da   0x00000008   Code   RO         6080    i._ZN5TimerC1Ev     timer.o
    0x080034e2   0x00000002   Code   RO           31    i._ZN5TimerD1Ev     main.o
    0x080034e4   0x000000b0   Code   RO         5711    i._ZN9I2CDriver10initializeEv  i2cdriver.o
    0x08003594   0x000000d8   Code   RO         5712    i._ZN9I2CDriver11writeArraryEhPKht  i2cdriver.o
    0x0800366c   0x0000001c   Code   RO         5713    i._ZN9I2CDriver12I2C_ByteReadEh  i2cdriver.o
    0x08003688   0x0000001e   Code   RO         5714    i._ZN9I2CDriver13I2C_ByteWriteEhh  i2cdriver.o
    0x080036a6   0x00000002   PAD
    0x080036a8   0x00000048   Code   RO         5715    i._ZN9I2CDriver13WAIT_FOR_FLAGEj10FlagStatusii  i2cdriver.o
    0x080036f0   0x00000044   Code   RO         5716    i._ZN9I2CDriver14WAIT_FOR_EVENTEjii  i2cdriver.o
    0x08003734   0x0000002c   Code   RO         5720    i._ZN9I2CDriver25I2Cx_TIMEOUT_UserCallbackEc  i2cdriver.o
    0x08003760   0x00000108   Code   RO         5722    i._ZN9I2CDriver8readByteEhhPht  i2cdriver.o
    0x08003868   0x0000000a   Code   RO         6968    i._ZSt4fabsf        imu.o
    0x08003872   0x00000018   Code   RO         6956    i._ZSt4sqrtf        imu.o
    0x0800388a   0x00000020   Code   RO         6962    i._ZSt5atan2ff      imu.o
    0x080038aa   0x00000002   PAD
    0x080038ac   0x00000028   Code   RO         7006    i._Znwj             cpprt_w.l(new.o)
    0x080038d4   0x0000002c   Code   RO         7117    i.__0vsnprintf      mc_w.l(printfa.o)
    0x08003900   0x00000026   Code   RO         7196    i.__ARM_fpclassifyf  m_wm.l(fpclassifyf.o)
    0x08003926   0x00000002   PAD
    0x08003928   0x0000012c   Code   RO         7010    i.__hardfp_asinf    m_wm.l(asinf.o)
    0x08003a54   0x00000250   Code   RO         7022    i.__hardfp_atan2f   m_wm.l(atan2f.o)
    0x08003ca4   0x00000150   Code   RO         7046    i.__hardfp_cosf     m_wm.l(cosf.o)
    0x08003df4   0x00000190   Code   RO         7070    i.__hardfp_sinf     m_wm.l(sinf.o)
    0x08003f84   0x0000003a   Code   RO         7082    i.__hardfp_sqrtf    m_wm.l(sqrtf.o)
    0x08003fbe   0x00000006   Code   RO         7199    i.__mathlib_flt_infnan  m_wm.l(funder.o)
    0x08003fc4   0x00000006   Code   RO         7200    i.__mathlib_flt_infnan2  m_wm.l(funder.o)
    0x08003fca   0x00000002   PAD
    0x08003fcc   0x00000010   Code   RO         7201    i.__mathlib_flt_invalid  m_wm.l(funder.o)
    0x08003fdc   0x00000010   Code   RO         7204    i.__mathlib_flt_underflow  m_wm.l(funder.o)
    0x08003fec   0x00000154   Code   RO         7217    i.__mathlib_rredf2  m_wm.l(rredf.o)
    0x08004140   0x0000000e   Code   RO         7499    i.__scatterload_copy  mc_w.l(handlers.o)
    0x0800414e   0x00000002   Code   RO         7500    i.__scatterload_null  mc_w.l(handlers.o)
    0x08004150   0x0000000e   Code   RO         7501    i.__scatterload_zeroinit  mc_w.l(handlers.o)
    0x0800415e   0x00000002   PAD
    0x08004160   0x0000000c   Code   RO         7281    i.__set_errno       mc_w.l(errno.o)
    0x0800416c   0x00000034   Code   RO            3    i.__sti___6_main_c_2af4bf50  main.o
    0x080041a0   0x00000184   Code   RO         7119    i._fp_digits        mc_w.l(printfa.o)
    0x08004324   0x000006dc   Code   RO         7120    i._printf_core      mc_w.l(printfa.o)
    0x08004a00   0x00000024   Code   RO         7121    i._printf_post_padding  mc_w.l(printfa.o)
    0x08004a24   0x0000002e   Code   RO         7122    i._printf_pre_padding  mc_w.l(printfa.o)
    0x08004a52   0x00000016   Code   RO         7123    i._snputc           mc_w.l(printfa.o)
    0x08004a68   0x00000050   Code   RO         7251    i.free              mc_w.l(malloc.o)
    0x08004ab8   0x0000017c   Code   RO            4    i.main              main.o
    0x08004c34   0x0000006c   Code   RO         7252    i.malloc            mc_w.l(malloc.o)
    0x08004ca0   0x00000030   Code   RO         5844    i.printf2           segger_rtt.o
    0x08004cd0   0x0000003e   Code   RO         7084    i.sqrtf             m_wm.l(sqrtf.o)
    0x08004d0e   0x00000002   PAD
    0x08004d10   0x00000024   Code   RO         6129    t._ZN15NormalSingletonI12CTimer_LowerE8InstanceEv  timer.o
    0x08004d34   0x00000050   Code   RO         6480    t._ZN15NormalSingletonI9I2CDriverE8InstanceEv  inv_mpu.o
    0x08004d84   0x00000010   Data   RO         6040    .constdata          segger_rtt_printf.o
    0x08004d94   0x00000034   Data   RO         6791    .constdata          imu.o
    0x08004dc8   0x00000020   Data   RO         7218    .constdata          m_wm.l(rredf.o)
    0x08004de8   0x00000020   Data   RO         7497    Region$$Table       anon$$obj.o
    0x08004e08   0x00000004   Data   RO           10    .init_array         main.o
    0x08004e0c   0x00000000   Data   RO         7140    .init_array         mc_w.l(cpp_init.o)


    Execution Region RW_IRAM1 (Base: 0x20000000, Size: 0x000030f0, Max: 0x00020000, ABSOLUTE)

    Base Addr    Size         Type   Attr      Idx    E Section Name        Object

    0x20000000   0x00000010   Data   RW         3299    .data               stm32f4xx_rcc.o
    0x20000010   0x00000004   Data   RW         5638    .data               delay.o
    0x20000014   0x00000031   Data   RW         6792    .data               imu.o
    0x20000045   0x00000003   PAD
    0x20000048   0x00000004   Data   RW         7282    .data               mc_w.l(errno.o)
    0x2000004c   0x00000004   Data   RW         7288    .data               mc_w.l(cpp_dtor.o)
    0x20000050   0x0000000c   Data   RW         7291    .data               mc_w.l(cpp_memory.o)
    0x2000005c   0x00000004   Data   RW         7446    .data               mc_w.l(mvars.o)
    0x20000060   0x00000004   Data   RW         7447    .data               mc_w.l(mvars.o)
    0x20000064   0x00000004   Data   RW         6141    .data__ZN15NormalSingletonI12CTimer_LowerE3insE  timer.o
    0x20000068   0x00000004   Data   RW           37    .data__ZN15NormalSingletonI9I2CDriverE3insE  main.o
    0x2000006c   0x00000028   Zero   RW            8    .bss                main.o
    0x20000094   0x000004b8   Zero   RW         5873    .bss                segger_rtt.o
    0x2000054c   0x000025a0   Zero   RW         6790    .bss                imu.o
    0x20002aec   0x00000004   PAD
    0x20002af0   0x00000200   Zero   RW          329    HEAP                startup_stm32f40_41xxx.o
    0x20002cf0   0x00000400   Zero   RW          328    STACK               startup_stm32f40_41xxx.o


==============================================================================

Image component sizes


      Code (inc. data)   RO Data    RW Data    ZI Data      Debug   Object Name

       268         16          0          4          0       2551   delay.o
       898         60          0          0          0       8572   i2cdriver.o
      6470        358         52         49       9632      26706   imu.o
        80         16          0          0          0       4696   inv_mpu.o
       494        120          4          4         40     306864   main.o
       180         24          0          0          0       2121   misc.o
       582         48          0          0       1208       9232   segger_rtt.o
      1096          6         16          0          0       5757   segger_rtt_printf.o
        36          8        392          0       1536        844   startup_stm32f40_41xxx.o
       222          0          0          0          0       2935   stm32f4xx_gpio.o
       478         14          0          0          0       7451   stm32f4xx_i2c.o
        26          0          0          0          0       4118   stm32f4xx_it.o
       328         36          0         16          0       4675   stm32f4xx_rcc.o
       388         28          0          0          0       9669   stm32f4xx_tim.o
       328          8          0          0          0       3548   stm32f4xx_usart.o
       340         32          0          0          0       1509   system_stm32f4xx.o
       268         14          0          4          0       5502   timer.o
       180          8          0          0          0        768   usart.o

    ----------------------------------------------------------------------
     12688        796        496         80      12420     407518   Object Totals
         0          0         32          0          0          0   (incl. Generated)
        26          0          0          3          4          0   (incl. Padding)

    ----------------------------------------------------------------------

      Code (inc. data)   RO Data    RW Data    ZI Data      Debug   Library Member Name

        80         12          0          0          0        104   arm_exceptions_globs.o
        60          0          0          0          0        108   arm_exceptions_mem.o
        26          0          0          0          0         76   arm_exceptions_terminate.o
         4          0          0          0          0         68   arm_newhandler_noexceptions.o
        40          6          0          0          0         76   new.o
       300         42          0          0          0        176   asinf.o
       592         90          0          0          0        184   atan2f.o
       336         56          0          0          0        136   cosf.o
        38          0          0          0          0        116   fpclassifyf.o
        44         12          0          0          0        464   funder.o
       340         24         32          0          0        160   rredf.o
       400         56          0          0          0        212   sinf.o
       120          0          0          0          0        272   sqrtf.o
        46          0          0          0          0         84   aeabi_atexit.o
         8          4          0          4          0         68   cpp_dtor.o
         2          0          0          0          0         68   cpp_final.o
        32         10          0          0          0         80   cpp_init.o
        20          4          0         12          0        136   cpp_memory.o
        66          0          0          0          0         84   cxa_finalize.o
         0          0          0          0          0          0   entry.o
         0          0          0          0          0          0   entry10a.o
         4          0          0          0          0          0   entry10b.o
         0          0          0          0          0          0   entry11a.o
         8          4          0          0          0          0   entry2.o
         4          0          0          0          0          0   entry5.o
         0          0          0          0          0          0   entry7b.o
         4          0          0          0          0          0   entry8a.o
         0          0          0          0          0          0   entry8b.o
         8          4          0          0          0          0   entry9a.o
        12          6          0          4          0         68   errno.o
        30          0          0          0          0          0   handlers.o
        36          8          0          0          0         68   init.o
         0          0          0          0          0          0   iusefp.o
        30          0          0          0          0         68   llshl.o
        36          0          0          0          0         68   llsshr.o
        32          0          0          0          0         68   llushr.o
       188         20          0          0          0        160   malloc.o
        36          0          0          0          0         68   memcpya.o
         0          0          0          8          0          0   mvars.o
      2292         84          0          0          0        516   printfa.o
        18          0          0          0          0         68   strcpy.o
        44          0          0          0          0         80   uidiv.o
        98          0          0          0          0         92   uldiv.o
        48          0          0          0          0         68   cdcmple.o
        48          0          0          0          0         68   cdrcmple.o
        56          0          0          0          0         88   d2f.o
       334          0          0          0          0        148   dadd.o
       222          0          0          0          0        100   ddiv.o
       186          0          0          0          0        176   depilogue.o
        48          0          0          0          0         68   dfixul.o
       228          0          0          0          0         96   dmul.o
        38          0          0          0          0         68   f2d.o
       110          0          0          0          0        168   fepilogue.o

    ----------------------------------------------------------------------
      6764        442         32         28          0       5044   Library Totals
        12          0          0          0          0          0   (incl. Padding)

    ----------------------------------------------------------------------

      Code (inc. data)   RO Data    RW Data    ZI Data      Debug   Library Name

       210         18          0          0          0        432   cpprt_w.l
      2170        280         32          0          0       1720   m_wm.l
      3054        144          0         28          0       1844   mc_w.l
      1318          0          0          0          0       1048   mf_w.l

    ----------------------------------------------------------------------
      6764        442         32         28          0       5044   Library Totals

    ----------------------------------------------------------------------

==============================================================================


      Code (inc. data)   RO Data    RW Data    ZI Data      Debug   

     19452       1238        528        108      12420     399398   Grand Totals
     19452       1238        528        108      12420     399398   ELF Image Totals
     19452       1238        528        108          0          0   ROM Totals

==============================================================================

    Total RO  Size (Code + RO Data)                19980 (  19.51kB)
    Total RW  Size (RW Data + ZI Data)             12528 (  12.23kB)
    Total ROM Size (Code + RO Data + RW Data)      20088 (  19.62kB)

==============================================================================

